<html>
<body>
<pre>
<h1>µVision Build Log</h1>
<h2>Tool Versions:</h2>
IDE-Version: ¦ÌVision V5.38.0.0
Copyright (C) 2022 ARM Ltd and ARM Germany GmbH. All rights reserved.
License Information: 11 ±±°×´¨Ïõ×Ó, 11, LIC=X96CK-Z3115-EV51R-KSTJ9-5EIBW-WHH2Z
 
Tool Versions:
Toolchain:       MDK-ARM Plus  Version: 5.38.0.0
Toolchain Path:  F:\keil5\exe\ARM\ARMCompiler_506_Windows_x86_b960\Bin
C Compiler:      Armcc.exe V5.06 update 7 (build 960)
Assembler:       Armasm.exe V5.06 update 7 (build 960)
Linker/Locator:  ArmLink.exe V5.06 update 7 (build 960)
Library Manager: ArmAr.exe V5.06 update 7 (build 960)
Hex Converter:   FromElf.exe V5.06 update 7 (build 960)
CPU DLL:         SARMCM3.DLL V5.38.0.0
Dialog DLL:      DCM.DLL V1.17.5.0
Target DLL:      STLink\ST-LINKIII-KEIL_SWO.dll V3.1.0.0
Dialog DLL:      TCM.DLL V1.56.4.0
 
<h2>Project:</h2>
F:\1\STM32save\freertos\MDK-ARM\freertos.uvprojx
Project File Date:  03/01/2025

<h2>Output:</h2>
*** Using Compiler 'V5.06 update 7 (build 960)', folder: 'F:\keil5\exe\ARM\ARMCompiler_506_Windows_x86_b960\Bin'
Build target 'freertos'
compiling game1.c...
..\nwatch\game1.c(86): warning:  #177-D: variable "dev"  was declared but never referenced
      uint8_t dev, data, last_data;
..\nwatch\game1.c(86): warning:  #177-D: variable "data"  was declared but never referenced
      uint8_t dev, data, last_data;
..\nwatch\game1.c(86): warning:  #177-D: variable "last_data"  was declared but never referenced
      uint8_t dev, data, last_data;
..\nwatch\game1.c(87): warning:  #177-D: variable "idata"  was declared but never referenced
  	 struct input_data idata;
..\nwatch\game1.c(174): warning:  #223-D: function "memset" declared implicitly
      memset(blocks, 0, BLOCK_COUNT);
..\nwatch\game1.c(154): warning:  #177-D: variable "dev"  was declared but never referenced
      uint8_t dev, data, last_data;
..\nwatch\game1.c(154): warning:  #177-D: variable "data"  was declared but never referenced
      uint8_t dev, data, last_data;
..\nwatch\game1.c(154): warning:  #177-D: variable "last_data"  was declared but never referenced
      uint8_t dev, data, last_data;
..\nwatch\game1.c(223): warning:  #177-D: variable "platformXtmp"  was declared but never referenced
  	byte platformXtmp = platformX;
..\nwatch\game1.c(190): warning:  #177-D: function "btnExit"  was declared but never referenced
  static bool btnExit()
..\nwatch\game1.c(207): warning:  #177-D: function "btnRight"  was declared but never referenced
  static bool btnRight()
..\nwatch\game1.c(213): warning:  #177-D: function "btnLeft"  was declared but never referenced
  static bool btnLeft()
..\nwatch\game1.c(73): warning:  #550-D: variable "g_framebuffer"  was set but never used
  static uint8_t *g_framebuffer;
..\nwatch\game1.c: 13 warnings, 0 errors
linking...
Program Size: Code=24264 RO-data=3228 RW-data=228 ZI-data=12652  
FromELF: creating hex file...
"freertos\freertos.axf" - 0 Error(s), 13 Warning(s).

<h2>Software Packages used:</h2>

Package Vendor: ARM
                http://www.keil.com/pack/ARM.CMSIS.5.9.0.pack
                ARM.CMSIS.5.9.0
                CMSIS (Common Microcontroller Software Interface Standard)
   * Component: CORE Version: 5.6.0

Package Vendor: Keil
                https://www.keil.com/pack/Keil.STM32G4xx_DFP.1.5.0.pack
                Keil.STM32G4xx_DFP.1.5.0
                STMicroelectronics STM32G4 Series Device Support, Drivers and Examples

<h2>Collection of Component include folders:</h2>
  ./RTE/_freertos
  F:/keil5/pack/ARM/CMSIS/5.9.0/CMSIS/Core/Include
  F:/keil5/pack/Keil/STM32G4xx_DFP/1.5.0/Drivers/CMSIS/Device/ST/STM32G4xx/Include

<h2>Collection of Component Files used:</h2>

   * Component: ARM::CMSIS:CORE:5.6.0
      Include file:  CMSIS/Core/Include/tz_context.h
Build Time Elapsed:  00:00:00
</pre>
</body>
</html>
