Component: ARM Compiler 5.06 update 7 (build 960) Tool: armlink [4d3601]

==============================================================================

Section Cross References

    startup_stm32g431xx.o(STACK) refers (Special) to heapauxi.o(.text) for __use_two_region_memory
    startup_stm32g431xx.o(HEAP) refers (Special) to heapauxi.o(.text) for __use_two_region_memory
    startup_stm32g431xx.o(RESET) refers (Special) to heapauxi.o(.text) for __use_two_region_memory
    startup_stm32g431xx.o(RESET) refers to startup_stm32g431xx.o(STACK) for __initial_sp
    startup_stm32g431xx.o(RESET) refers to startup_stm32g431xx.o(.text) for Reset_Handler
    startup_stm32g431xx.o(RESET) refers to stm32g4xx_it.o(i.NMI_Handler) for NMI_Handler
    startup_stm32g431xx.o(RESET) refers to stm32g4xx_it.o(i.HardFault_Handler) for HardFault_Handler
    startup_stm32g431xx.o(RESET) refers to stm32g4xx_it.o(i.MemManage_Handler) for MemManage_Handler
    startup_stm32g431xx.o(RESET) refers to stm32g4xx_it.o(i.BusFault_Handler) for BusFault_Handler
    startup_stm32g431xx.o(RESET) refers to stm32g4xx_it.o(i.UsageFault_Handler) for UsageFault_Handler
    startup_stm32g431xx.o(RESET) refers to port.o(.emb_text) for SVC_Handler
    startup_stm32g431xx.o(RESET) refers to stm32g4xx_it.o(i.DebugMon_Handler) for DebugMon_Handler
    startup_stm32g431xx.o(RESET) refers to cmsis_os2.o(i.SysTick_Handler) for SysTick_Handler
    startup_stm32g431xx.o(RESET) refers to stm32g4xx_it.o(i.TIM7_IRQHandler) for TIM7_IRQHandler
    startup_stm32g431xx.o(.text) refers (Special) to heapauxi.o(.text) for __use_two_region_memory
    startup_stm32g431xx.o(.text) refers to system_stm32g4xx.o(i.SystemInit) for SystemInit
    startup_stm32g431xx.o(.text) refers to __main.o(!!!main) for __main
    startup_stm32g431xx.o(.text) refers to startup_stm32g431xx.o(HEAP) for Heap_Mem
    startup_stm32g431xx.o(.text) refers to startup_stm32g431xx.o(STACK) for Stack_Mem
    main.o(i.HAL_TIM_PeriodElapsedCallback) refers to stm32g4xx_hal.o(i.HAL_IncTick) for HAL_IncTick
    main.o(i.SystemClock_Config) refers to rt_memclr_w.o(.text) for __aeabi_memclr4
    main.o(i.SystemClock_Config) refers to stm32g4xx_hal_pwr_ex.o(i.HAL_PWREx_ControlVoltageScaling) for HAL_PWREx_ControlVoltageScaling
    main.o(i.SystemClock_Config) refers to stm32g4xx_hal_rcc.o(i.HAL_RCC_OscConfig) for HAL_RCC_OscConfig
    main.o(i.SystemClock_Config) refers to stm32g4xx_hal_rcc.o(i.HAL_RCC_ClockConfig) for HAL_RCC_ClockConfig
    main.o(i.main) refers to stm32g4xx_hal.o(i.HAL_Init) for HAL_Init
    main.o(i.main) refers to main.o(i.SystemClock_Config) for SystemClock_Config
    main.o(i.main) refers to gpio.o(i.MX_GPIO_Init) for MX_GPIO_Init
    main.o(i.main) refers to tim.o(i.MX_TIM1_Init) for MX_TIM1_Init
    main.o(i.main) refers to i2c.o(i.MX_I2C3_Init) for MX_I2C3_Init
    main.o(i.main) refers to i2c.o(i.MX_I2C2_Init) for MX_I2C2_Init
    main.o(i.main) refers to cmsis_os2.o(i.osKernelInitialize) for osKernelInitialize
    main.o(i.main) refers to app_freertos.o(i.MX_FREERTOS_Init) for MX_FREERTOS_Init
    main.o(i.main) refers to cmsis_os2.o(i.osKernelStart) for osKernelStart
    gpio.o(i.MX_GPIO_Init) refers to rt_memclr_w.o(.text) for __aeabi_memclr4
    gpio.o(i.MX_GPIO_Init) refers to stm32g4xx_hal_gpio.o(i.HAL_GPIO_WritePin) for HAL_GPIO_WritePin
    gpio.o(i.MX_GPIO_Init) refers to stm32g4xx_hal_gpio.o(i.HAL_GPIO_Init) for HAL_GPIO_Init
    app_freertos.o(i.KEY) refers to stm32g4xx_hal_gpio.o(i.HAL_GPIO_ReadPin) for HAL_GPIO_ReadPin
    app_freertos.o(i.KEY) refers to cmsis_os2.o(i.osDelay) for osDelay
    app_freertos.o(i.KEY) refers to game1.o(.data) for uptMove
    app_freertos.o(i.KEY) refers to app_freertos.o(.data) for .data
    app_freertos.o(i.LED) refers to stm32g4xx_hal_gpio.o(i.HAL_GPIO_WritePin) for HAL_GPIO_WritePin
    app_freertos.o(i.LED) refers to cmsis_os2.o(i.osDelay) for osDelay
    app_freertos.o(i.MX_FREERTOS_Init) refers to driver_lcd.o(i.LCD_Init) for LCD_Init
    app_freertos.o(i.MX_FREERTOS_Init) refers to driver_lcd.o(i.LCD_Clear) for LCD_Clear
    app_freertos.o(i.MX_FREERTOS_Init) refers to driver_lcd.o(i.LCD_PrintString) for LCD_PrintString
    app_freertos.o(i.MX_FREERTOS_Init) refers to cmsis_os2.o(i.osThreadNew) for osThreadNew
    app_freertos.o(i.MX_FREERTOS_Init) refers to tasks.o(i.xTaskCreate) for xTaskCreate
    app_freertos.o(i.MX_FREERTOS_Init) refers to app_freertos.o(.constdata) for .constdata
    app_freertos.o(i.MX_FREERTOS_Init) refers to app_freertos.o(i.StartDefaultTask) for StartDefaultTask
    app_freertos.o(i.MX_FREERTOS_Init) refers to app_freertos.o(.data) for .data
    app_freertos.o(i.MX_FREERTOS_Init) refers to game1.o(i.game1_task) for game1_task
    app_freertos.o(i.MX_FREERTOS_Init) refers to app_freertos.o(i.KEY) for KEY
    app_freertos.o(i.PRINT) refers to cmsis_os2.o(i.osDelay) for osDelay
    app_freertos.o(i.PRINT) refers to app_freertos.o(.data) for .data
[...]
    g_bpp                                    0x200000dc   Data           4  game1.o(.data)
    g_framebuffer                            0x200000e0   Data           4  game1.o(.data)
    .bss                                     0x200000e4   Section      168  i2c.o(.bss)
    .bss                                     0x2000018c   Section       76  tim.o(.bss)
    .bss                                     0x200001d8   Section       76  stm32g4xx_hal_timebase_tim.o(.bss)
    .bss                                     0x20000224   Section     1024  driver_oled.o(.bss)
    oledBuffer                               0x20000224   Data        1024  driver_oled.o(.bss)
    .bss                                     0x20000624   Section       64  queue.o(.bss)
    .bss                                     0x20000664   Section     1220  tasks.o(.bss)
    pxReadyTasksLists                        0x20000664   Data        1120  tasks.o(.bss)
    xDelayedTaskList1                        0x20000ac4   Data          20  tasks.o(.bss)
    xDelayedTaskList2                        0x20000ad8   Data          20  tasks.o(.bss)
    xPendingReadyList                        0x20000aec   Data          20  tasks.o(.bss)
    xTasksWaitingTermination                 0x20000b00   Data          20  tasks.o(.bss)
    xSuspendedTaskList                       0x20000b14   Data          20  tasks.o(.bss)
    .bss                                     0x20000b28   Section      280  timers.o(.bss)
    xStaticTimerQueue                        0x20000b28   Data          80  timers.o(.bss)
    ucStaticTimerQueueStorage                0x20000b78   Data         160  timers.o(.bss)
    xActiveTimerList1                        0x20000c18   Data          20  timers.o(.bss)
    xActiveTimerList2                        0x20000c2c   Data          20  timers.o(.bss)
    .bss                                     0x20000c40   Section     1720  cmsis_os2.o(.bss)
    Idle_TCB                                 0x20000c40   Data          92  cmsis_os2.o(.bss)
    Idle_Stack                               0x20000c9c   Data         512  cmsis_os2.o(.bss)
    Timer_TCB                                0x20000e9c   Data          92  cmsis_os2.o(.bss)
    Timer_Stack                              0x20000ef8   Data        1024  cmsis_os2.o(.bss)
    .bss                                     0x200012f8   Section     6144  heap_4.o(.bss)
    ucHeap                                   0x200012f8   Data        6144  heap_4.o(.bss)
    .bss                                     0x20002af8   Section       16  game1.o(.bss)
    ball                                     0x20002af8   Data          16  game1.o(.bss)
    .bss                                     0x20002b08   Section      228  rand.o(.bss)
    .bss                                     0x20002bec   Section       96  libspace.o(.bss)
    HEAP                                     0x20002c50   Section      512  startup_stm32g431xx.o(HEAP)
    Heap_Mem                                 0x20002c50   Data         512  startup_stm32g431xx.o(HEAP)
    STACK                                    0x20002e50   Section     1024  startup_stm32g431xx.o(STACK)
    Stack_Mem                                0x20002e50   Data        1024  startup_stm32g431xx.o(STACK)
    __initial_sp                             0x20003250   Data           0  startup_stm32g431xx.o(STACK)

    Global Symbols

    Symbol Name                              Value     Ov Type        Size  Object(Section)

    BuildAttributes$$THM_ISAv4$E$P$D$K$B$S$7EM$VFPi3$EXTD16$VFPS$VFMA$PE$A:L22UL41UL21$X:L11$S22US41US21$IEEE1$IW$USESV6$~STKCKD$USESV7$~SHL$OTIME$ROPI$IEEEX$EBA8$UX$STANDARDLIB$REQ8$PRES8$EABIv2 0x00000000   Number         0  anon$$obj.o ABSOLUTE
    __ARM_use_no_argv                        0x00000000   Number         0  main.o ABSOLUTE
    __ARM_exceptions_init                     - Undefined Weak Reference
    __alloca_initialize                       - Undefined Weak Reference
    __arm_fini_                               - Undefined Weak Reference
    __arm_preinit_                            - Undefined Weak Reference
    __cpp_initialize__aeabi_                  - Undefined Weak Reference
    __cxa_finalize                            - Undefined Weak Reference
    __rt_locale                               - Undefined Weak Reference
    __sigvec_lookup                           - Undefined Weak Reference
    __user_heap_extent                        - Undefined Weak Reference
    _atexit_init                              - Undefined Weak Reference
    _call_atexit_fns                          - Undefined Weak Reference
    _clock_init                               - Undefined Weak Reference
    _fp_trap_init                             - Undefined Weak Reference
    _fp_trap_shutdown                         - Undefined Weak Reference
    _get_lc_collate                           - Undefined Weak Reference
    _get_lc_ctype                             - Undefined Weak Reference
    _get_lc_monetary                          - Undefined Weak Reference
    _get_lc_numeric                           - Undefined Weak Reference
    _get_lc_time                              - Undefined Weak Reference
    _getenv_init                              - Undefined Weak Reference
    _handle_redirection                       - Undefined Weak Reference
    _initio                                   - Undefined Weak Reference
    _mutex_acquire                            - Undefined Weak Reference
    _mutex_free                               - Undefined Weak Reference
    _mutex_release                            - Undefined Weak Reference
    _printf_post_padding                      - Undefined Weak Reference
    _printf_pre_padding                       - Undefined Weak Reference
    _printf_truncate_signed                   - Undefined Weak Reference
    _printf_truncate_unsigned                 - Undefined Weak Reference
    _signal_finish                            - Undefined Weak Reference
    _signal_init                              - Undefined Weak Reference
    _terminateio                              - Undefined Weak Reference
    __Vectors_Size                           0x000001d8   Number         0  startup_stm32g431xx.o ABSOLUTE
    __Vectors                                0x08000000   Data           4  startup_stm32g431xx.o(RESET)
    __Vectors_End                            0x080001d8   Data           0  startup_stm32g431xx.o(RESET)
    __main                                   0x080001d9   Thumb Code     8  __main.o(!!!main)
    __scatterload                            0x080001e1   Thumb Code     0  __scatter.o(!!!scatter)
    __scatterload_rt2                        0x080001e1   Thumb Code    44  __scatter.o(!!!scatter)
    __scatterload_rt2_thumb_only             0x080001e1   Thumb Code     0  __scatter.o(!!!scatter)
    __scatterload_null                       0x080001ef   Thumb Code     0  __scatter.o(!!!scatter)
    __scatterload_copy                       0x08000215   Thumb Code    26  __scatter_copy.o(!!handler_copy)
    __scatterload_zeroinit                   0x08000231   Thumb Code    28  __scatter_zi.o(!!handler_zi)
    _printf_percent                          0x0800024d   Thumb Code     0  _printf_percent.o(.ARM.Collect$$_printf_percent$$00000000)
    _printf_u                                0x0800024d   Thumb Code     0  _printf_u.o(.ARM.Collect$$_printf_percent$$0000000A)
    _printf_percent_end                      0x08000253   Thumb Code     0  _printf_percent_end.o(.ARM.Collect$$_printf_percent$$00000017)
    __rt_lib_init                            0x08000257   Thumb Code     0  libinit.o(.ARM.Collect$$libinit$$00000000)
    __rt_lib_init_fp_1                       0x08000259   Thumb Code     0  libinit2.o(.ARM.Collect$$libinit$$00000001)
    __rt_lib_init_heap_2                     0x0800025d   Thumb Code     0  libinit2.o(.ARM.Collect$$libinit$$00000005)
    __rt_lib_init_preinit_1                  0x0800025d   Thumb Code     0  libinit2.o(.ARM.Collect$$libinit$$00000004)
    __rt_lib_init_heap_1                     0x08000265   Thumb Code     0  libinit2.o(.ARM.Collect$$libinit$$0000000A)
    __rt_lib_init_rand_2                     0x08000265   Thumb Code     0  libinit2.o(.ARM.Collect$$libinit$$0000000D)
    __rt_lib_init_user_alloc_1               0x08000265   Thumb Code     0  libinit2.o(.ARM.Collect$$libinit$$0000000C)
    __rt_lib_init_alloca_1                   0x08000269   Thumb Code     0  libinit2.o(.ARM.Collect$$libinit$$0000002E)
    __rt_lib_init_argv_1                     0x08000269   Thumb Code     0  libinit2.o(.ARM.Collect$$libinit$$0000002C)
    __rt_lib_init_atexit_1                   0x08000269   Thumb Code     0  libinit2.o(.ARM.Collect$$libinit$$0000001B)
    __rt_lib_init_clock_1                    0x08000269   Thumb Code     0  libinit2.o(.ARM.Collect$$libinit$$00000021)
    __rt_lib_init_cpp_1                      0x08000269   Thumb Code     0  libinit2.o(.ARM.Collect$$libinit$$00000032)
    __rt_lib_init_exceptions_1               0x08000269   Thumb Code     0  libinit2.o(.ARM.Collect$$libinit$$00000030)
    __rt_lib_init_fp_trap_1                  0x08000269   Thumb Code     0  libinit2.o(.ARM.Collect$$libinit$$0000001F)
    __rt_lib_init_getenv_1                   0x08000269   Thumb Code     0  libinit2.o(.ARM.Collect$$libinit$$00000023)
    __rt_lib_init_lc_collate_1               0x08000269   Thumb Code     0  libinit2.o(.ARM.Collect$$libinit$$00000011)
    __rt_lib_init_lc_ctype_1                 0x08000269   Thumb Code     0  libinit2.o(.ARM.Collect$$libinit$$00000013)
    __rt_lib_init_lc_monetary_1              0x08000269   Thumb Code     0  libinit2.o(.ARM.Collect$$libinit$$00000015)
    __rt_lib_init_lc_numeric_1               0x08000269   Thumb Code     0  libinit2.o(.ARM.Collect$$libinit$$00000017)
    __rt_lib_init_lc_time_1                  0x08000269   Thumb Code     0  libinit2.o(.ARM.Collect$$libinit$$00000019)
    __rt_lib_init_rand_1                     0x08000269   Thumb Code     0  libinit2.o(.ARM.Collect$$libinit$$0000000E)
    __rt_lib_init_return                     0x08000269   Thumb Code     0  libinit2.o(.ARM.Collect$$libinit$$00000033)
    __rt_lib_init_signal_1                   0x08000269   Thumb Code     0  libinit2.o(.ARM.Collect$$libinit$$0000001D)
    __rt_lib_init_stdio_1                    0x08000269   Thumb Code     0  libinit2.o(.ARM.Collect$$libinit$$00000025)
    __rt_lib_shutdown                        0x0800026b   Thumb Code     0  libshutdown.o(.ARM.Collect$$libshutdown$$00000000)
    __rt_lib_shutdown_cpp_1                  0x0800026d   Thumb Code     0  libshutdown2.o(.ARM.Collect$$libshutdown$$00000004)
    __rt_lib_shutdown_fini_1                 0x0800026d   Thumb Code     0  libshutdown2.o(.ARM.Collect$$libshutdown$$00000002)
    __rt_lib_shutdown_fp_trap_1              0x0800026d   Thumb Code     0  libshutdown2.o(.ARM.Collect$$libshutdown$$00000009)
    __rt_lib_shutdown_heap_1                 0x0800026d   Thumb Code     0  libshutdown2.o(.ARM.Collect$$libshutdown$$00000011)
    __rt_lib_shutdown_return                 0x0800026d   Thumb Code     0  libshutdown2.o(.ARM.Collect$$libshutdown$$00000012)
    __rt_lib_shutdown_signal_1               0x0800026d   Thumb Code     0  libshutdown2.o(.ARM.Collect$$libshutdown$$0000000C)
    __rt_lib_shutdown_stdio_1                0x0800026d   Thumb Code     0  libshutdown2.o(.ARM.Collect$$libshutdown$$00000006)
    __rt_lib_shutdown_user_alloc_1           0x0800026d   Thumb Code     0  libshutdown2.o(.ARM.Collect$$libshutdown$$0000000E)
    __rt_entry                               0x0800026f   Thumb Code     0  __rtentry.o(.ARM.Collect$$rtentry$$00000000)
    __rt_entry_presh_1                       0x0800026f   Thumb Code     0  __rtentry2.o(.ARM.Collect$$rtentry$$00000002)
    __rt_entry_sh                            0x0800026f   Thumb Code     0  __rtentry4.o(.ARM.Collect$$rtentry$$00000004)
    __rt_entry_li                            0x08000275   Thumb Code     0  __rtentry2.o(.ARM.Collect$$rtentry$$0000000A)
    __rt_entry_postsh_1                      0x08000275   Thumb Code     0  __rtentry2.o(.ARM.Collect$$rtentry$$00000009)
    __rt_entry_main                          0x08000279   Thumb Code     0  __rtentry2.o(.ARM.Collect$$rtentry$$0000000D)
    __rt_entry_postli_1                      0x08000279   Thumb Code     0  __rtentry2.o(.ARM.Collect$$rtentry$$0000000C)
    __rt_exit                                0x08000281   Thumb Code     0  rtexit.o(.ARM.Collect$$rtexit$$00000000)
    __rt_exit_ls                             0x08000283   Thumb Code     0  rtexit2.o(.ARM.Collect$$rtexit$$00000003)
    __rt_exit_prels_1                        0x08000283   Thumb Code     0  rtexit2.o(.ARM.Collect$$rtexit$$00000002)
    __rt_exit_exit                           0x08000287   Thumb Code     0  rtexit2.o(.ARM.Collect$$rtexit$$00000004)
    SVC_Handler                              0x0800028d   Thumb Code    28  port.o(.emb_text)
    __asm___6_port_c_39a90d8d__prvStartFirstTask 0x080002ad   Thumb Code    36  port.o(.emb_text)
    __asm___6_port_c_39a90d8d__prvEnableVFP  0x080002d5   Thumb Code    16  port.o(.emb_text)
    PendSV_Handler                           0x080002e9   Thumb Code    88  port.o(.emb_text)
    vPortGetIPSR                             0x08000345   Thumb Code     6  port.o(.emb_text)
    rand                                     0x0800034d   Thumb Code    48  rand.o(.emb_text)
    Reset_Handler                            0x08000381   Thumb Code     8  startup_stm32g431xx.o(.text)
    _maybe_terminate_alloc                   0x08000381   Thumb Code     0  maybetermalloc1.o(.emb_text)
    ADC1_2_IRQHandler                        0x0800039b   Thumb Code     0  startup_stm32g431xx.o(.text)
    COMP1_2_3_IRQHandler                     0x0800039b   Thumb Code     0  startup_stm32g431xx.o(.text)
    COMP4_IRQHandler                         0x0800039b   Thumb Code     0  startup_stm32g431xx.o(.text)
    CORDIC_IRQHandler                        0x0800039b   Thumb Code     0  startup_stm32g431xx.o(.text)
    CRS_IRQHandler                           0x0800039b   Thumb Code     0  startup_stm32g431xx.o(.text)
    DMA1_Channel1_IRQHandler                 0x0800039b   Thumb Code     0  startup_stm32g431xx.o(.text)
    DMA1_Channel2_IRQHandler                 0x0800039b   Thumb Code     0  startup_stm32g431xx.o(.text)
    DMA1_Channel3_IRQHandler                 0x0800039b   Thumb Code     0  startup_stm32g431xx.o(.text)
    DMA1_Channel4_IRQHandler                 0x0800039b   Thumb Code     0  startup_stm32g431xx.o(.text)
    DMA1_Channel5_IRQHandler                 0x0800039b   Thumb Code     0  startup_stm32g431xx.o(.text)
    DMA1_Channel6_IRQHandler                 0x0800039b   Thumb Code     0  startup_stm32g431xx.o(.text)
    DMA2_Channel1_IRQHandler                 0x0800039b   Thumb Code     0  startup_stm32g431xx.o(.text)
    DMA2_Channel2_IRQHandler                 0x0800039b   Thumb Code     0  startup_stm32g431xx.o(.text)
    DMA2_Channel3_IRQHandler                 0x0800039b   Thumb Code     0  startup_stm32g431xx.o(.text)
    DMA2_Channel4_IRQHandler                 0x0800039b   Thumb Code     0  startup_stm32g431xx.o(.text)
    DMA2_Channel5_IRQHandler                 0x0800039b   Thumb Code     0  startup_stm32g431xx.o(.text)
    DMA2_Channel6_IRQHandler                 0x0800039b   Thumb Code     0  startup_stm32g431xx.o(.text)
    DMAMUX_OVR_IRQHandler                    0x0800039b   Thumb Code     0  startup_stm32g431xx.o(.text)
    EXTI0_IRQHandler                         0x0800039b   Thumb Code     0  startup_stm32g431xx.o(.text)
    EXTI15_10_IRQHandler                     0x0800039b   Thumb Code     0  startup_stm32g431xx.o(.text)
    EXTI1_IRQHandler                         0x0800039b   Thumb Code     0  startup_stm32g431xx.o(.text)
    EXTI2_IRQHandler                         0x0800039b   Thumb Code     0  startup_stm32g431xx.o(.text)
    EXTI3_IRQHandler                         0x0800039b   Thumb Code     0  startup_stm32g431xx.o(.text)
    EXTI4_IRQHandler                         0x0800039b   Thumb Code     0  startup_stm32g431xx.o(.text)
    EXTI9_5_IRQHandler                       0x0800039b   Thumb Code     0  startup_stm32g431xx.o(.text)
    FDCAN1_IT0_IRQHandler                    0x0800039b   Thumb Code     0  startup_stm32g431xx.o(.text)
    FDCAN1_IT1_IRQHandler                    0x0800039b   Thumb Code     0  startup_stm32g431xx.o(.text)
    FLASH_IRQHandler                         0x0800039b   Thumb Code     0  startup_stm32g431xx.o(.text)
    FMAC_IRQHandler                          0x0800039b   Thumb Code     0  startup_stm32g431xx.o(.text)
    FPU_IRQHandler                           0x0800039b   Thumb Code     0  startup_stm32g431xx.o(.text)
    I2C1_ER_IRQHandler                       0x0800039b   Thumb Code     0  startup_stm32g431xx.o(.text)
    I2C1_EV_IRQHandler                       0x0800039b   Thumb Code     0  startup_stm32g431xx.o(.text)
    I2C2_ER_IRQHandler                       0x0800039b   Thumb Code     0  startup_stm32g431xx.o(.text)
    I2C2_EV_IRQHandler                       0x0800039b   Thumb Code     0  startup_stm32g431xx.o(.text)
    I2C3_ER_IRQHandler                       0x0800039b   Thumb Code     0  startup_stm32g431xx.o(.text)
    I2C3_EV_IRQHandler                       0x0800039b   Thumb Code     0  startup_stm32g431xx.o(.text)
    LPTIM1_IRQHandler                        0x0800039b   Thumb Code     0  startup_stm32g431xx.o(.text)
    LPUART1_IRQHandler                       0x0800039b   Thumb Code     0  startup_stm32g431xx.o(.text)
    PVD_PVM_IRQHandler                       0x0800039b   Thumb Code     0  startup_stm32g431xx.o(.text)
    RCC_IRQHandler                           0x0800039b   Thumb Code     0  startup_stm32g431xx.o(.text)
    RNG_IRQHandler                           0x0800039b   Thumb Code     0  startup_stm32g431xx.o(.text)
    RTC_Alarm_IRQHandler                     0x0800039b   Thumb Code     0  startup_stm32g431xx.o(.text)
    RTC_TAMP_LSECSS_IRQHandler               0x0800039b   Thumb Code     0  startup_stm32g431xx.o(.text)
    RTC_WKUP_IRQHandler                      0x0800039b   Thumb Code     0  startup_stm32g431xx.o(.text)
    SAI1_IRQHandler                          0x0800039b   Thumb Code     0  startup_stm32g431xx.o(.text)
    SPI1_IRQHandler                          0x0800039b   Thumb Code     0  startup_stm32g431xx.o(.text)
    SPI2_IRQHandler                          0x0800039b   Thumb Code     0  startup_stm32g431xx.o(.text)
    SPI3_IRQHandler                          0x0800039b   Thumb Code     0  startup_stm32g431xx.o(.text)
    TIM1_BRK_TIM15_IRQHandler                0x0800039b   Thumb Code     0  startup_stm32g431xx.o(.text)
    TIM1_CC_IRQHandler                       0x0800039b   Thumb Code     0  startup_stm32g431xx.o(.text)
    TIM1_TRG_COM_TIM17_IRQHandler            0x0800039b   Thumb Code     0  startup_stm32g431xx.o(.text)
    TIM1_UP_TIM16_IRQHandler                 0x0800039b   Thumb Code     0  startup_stm32g431xx.o(.text)
    TIM2_IRQHandler                          0x0800039b   Thumb Code     0  startup_stm32g431xx.o(.text)
    TIM3_IRQHandler                          0x0800039b   Thumb Code     0  startup_stm32g431xx.o(.text)
    TIM4_IRQHandler                          0x0800039b   Thumb Code     0  startup_stm32g431xx.o(.text)
    TIM6_DAC_IRQHandler                      0x0800039b   Thumb Code     0  startup_stm32g431xx.o(.text)
    TIM8_BRK_IRQHandler                      0x0800039b   Thumb Code     0  startup_stm32g431xx.o(.text)
    TIM8_CC_IRQHandler                       0x0800039b   Thumb Code     0  startup_stm32g431xx.o(.text)
    TIM8_TRG_COM_IRQHandler                  0x0800039b   Thumb Code     0  startup_stm32g431xx.o(.text)
    TIM8_UP_IRQHandler                       0x0800039b   Thumb Code     0  startup_stm32g431xx.o(.text)
    UART4_IRQHandler                         0x0800039b   Thumb Code     0  startup_stm32g431xx.o(.text)
    UCPD1_IRQHandler                         0x0800039b   Thumb Code     0  startup_stm32g431xx.o(.text)
    USART1_IRQHandler                        0x0800039b   Thumb Code     0  startup_stm32g431xx.o(.text)
    USART2_IRQHandler                        0x0800039b   Thumb Code     0  startup_stm32g431xx.o(.text)
    USART3_IRQHandler                        0x0800039b   Thumb Code     0  startup_stm32g431xx.o(.text)
    USBWakeUp_IRQHandler                     0x0800039b   Thumb Code     0  startup_stm32g431xx.o(.text)
    USB_HP_IRQHandler                        0x0800039b   Thumb Code     0  startup_stm32g431xx.o(.text)
    USB_LP_IRQHandler                        0x0800039b   Thumb Code     0  startup_stm32g431xx.o(.text)
    WWDG_IRQHandler                          0x0800039b   Thumb Code     0  startup_stm32g431xx.o(.text)
    __user_initial_stackheap                 0x0800039d   Thumb Code     0  startup_stm32g431xx.o(.text)
    malloc                                   0x080003c1   Thumb Code    94  h1_alloc.o(.text)
    free                                     0x0800041f   Thumb Code    78  h1_free.o(.text)
    __2sprintf                               0x0800046d   Thumb Code    34  noretval__2sprintf.o(.text)
    __printf                                 0x08000495   Thumb Code   104  __printf.o(.text)
    _printf_int_dec                          0x080004fd   Thumb Code   104  _printf_dec.o(.text)
    srand                                    0x08000575   Thumb Code    42  rand.o(.text)
    _rand_init                               0x0800059f   Thumb Code     4  rand.o(.text)
    strcpy                                   0x080005b1   Thumb Code    72  strcpy.o(.text)
    strlen                                   0x080005f9   Thumb Code    62  strlen.o(.text)
    __aeabi_memcpy                           0x08000637   Thumb Code     0  rt_memcpy_v6.o(.text)
    __rt_memcpy                              0x08000637   Thumb Code   138  rt_memcpy_v6.o(.text)
    _memcpy_lastbytes                        0x0800069d   Thumb Code     0  rt_memcpy_v6.o(.text)
    __aeabi_memset                           0x080006c1   Thumb Code    16  aeabi_memset.o(.text)
    __aeabi_memclr                           0x080006d1   Thumb Code     0  rt_memclr.o(.text)
    __rt_memclr                              0x080006d1   Thumb Code    68  rt_memclr.o(.text)
    _memset                                  0x080006d5   Thumb Code     0  rt_memclr.o(.text)
    __aeabi_memclr4                          0x08000715   Thumb Code     0  rt_memclr_w.o(.text)
    __aeabi_memclr8                          0x08000715   Thumb Code     0  rt_memclr_w.o(.text)
    __rt_memclr_w                            0x08000715   Thumb Code    78  rt_memclr_w.o(.text)
    _memset_w                                0x08000719   Thumb Code     0  rt_memclr_w.o(.text)
    __use_two_region_memory                  0x08000763   Thumb Code     2  heapauxi.o(.text)
    __rt_heap_escrow                         0x08000765   Thumb Code     2  heapauxi.o(.text)
    __rt_heap_expand                         0x08000767   Thumb Code     2  heapauxi.o(.text)
    __rt_heap_descriptor                     0x08000769   Thumb Code     8  rt_heap_descriptor_intlibspace.o(.text)
    __use_no_heap                            0x08000771   Thumb Code     2  hguard.o(.text)
    __heap$guard                             0x08000773   Thumb Code     2  hguard.o(.text)
    _terminate_user_alloc                    0x08000775   Thumb Code     2  init_alloc.o(.text)
    _init_user_alloc                         0x08000777   Thumb Code     2  init_alloc.o(.text)
    __Heap_Full                              0x08000779   Thumb Code    34  init_alloc.o(.text)
    __Heap_Broken                            0x0800079b   Thumb Code     6  init_alloc.o(.text)
    _init_alloc                              0x080007a1   Thumb Code    94  init_alloc.o(.text)
    __Heap_Initialize                        0x080007ff   Thumb Code    10  h1_init.o(.text)
    __Heap_DescSize                          0x08000809   Thumb Code     4  h1_init.o(.text)
    __read_errno                             0x0800080d   Thumb Code    10  _rserrno.o(.text)
    __set_errno                              0x08000817   Thumb Code    12  _rserrno.o(.text)
    _printf_int_common                       0x08000823   Thumb Code   178  _printf_intcommon.o(.text)
    _printf_char_common                      0x080008df   Thumb Code    32  _printf_char_common.o(.text)
    _sputc                                   0x08000905   Thumb Code    10  _sputc.o(.text)
    __aeabi_memcpy4                          0x0800090f   Thumb Code     0  rt_memcpy_w.o(.text)
    __aeabi_memcpy8                          0x0800090f   Thumb Code     0  rt_memcpy_w.o(.text)
    __rt_memcpy_w                            0x0800090f   Thumb Code   100  rt_memcpy_w.o(.text)
    _memcpy_lastbytes_aligned                0x08000957   Thumb Code     0  rt_memcpy_w.o(.text)
    __user_libspace                          0x08000975   Thumb Code     8  libspace.o(.text)
    __user_perproc_libspace                  0x08000975   Thumb Code     0  libspace.o(.text)
    __user_perthread_libspace                0x08000975   Thumb Code     0  libspace.o(.text)
    __aeabi_errno_addr                       0x0800097d   Thumb Code     8  rt_errno_addr_intlibspace.o(.text)
    __errno$intlibspace                      0x0800097d   Thumb Code     0  rt_errno_addr_intlibspace.o(.text)
    __rt_errno_addr$intlibspace              0x0800097d   Thumb Code     0  rt_errno_addr_intlibspace.o(.text)
    __Heap_ProvideMemory                     0x08000985   Thumb Code    52  h1_extend.o(.text)
    __rt_SIGRTMEM                            0x080009b9   Thumb Code    14  defsig_rtmem_outer.o(.text)
    __I$use$semihosting                      0x080009c7   Thumb Code     0  use_no_semi.o(.text)
    __use_no_semihosting_swi                 0x080009c7   Thumb Code     2  use_no_semi.o(.text)
    __semihosting_library_function           0x080009c9   Thumb Code     0  indicate_semi.o(.text)
    __user_setup_stackheap                   0x080009c9   Thumb Code    74  sys_stackheap_outer.o(.text)
    exit                                     0x08000a13   Thumb Code    18  exit.o(.text)
    __sig_exit                               0x08000a25   Thumb Code    10  defsig_exit.o(.text)
    __rt_SIGRTMEM_inner                      0x08000a31   Thumb Code    22  defsig_rtmem_inner.o(.text)
    _sys_exit                                0x08000a81   Thumb Code     8  sys_exit.o(.text)
    __default_signal_display                 0x08000a8d   Thumb Code    50  defsig_general.o(.text)
    _ttywrch                                 0x08000abf   Thumb Code    14  sys_wrch.o(.text)
    BusFault_Handler                         0x08000acd   Thumb Code     2  stm32g4xx_it.o(i.BusFault_Handler)
    DebugMon_Handler                         0x08000acf   Thumb Code     2  stm32g4xx_it.o(i.DebugMon_Handler)
    Error_Handler                            0x08000ad1   Thumb Code     4  main.o(i.Error_Handler)
    HAL_GPIO_Init                            0x08000ad5   Thumb Code   550  stm32g4xx_hal_gpio.o(i.HAL_GPIO_Init)
    HAL_GPIO_ReadPin                         0x08000d1d   Thumb Code    10  stm32g4xx_hal_gpio.o(i.HAL_GPIO_ReadPin)
    HAL_GPIO_WritePin                        0x08000d27   Thumb Code    10  stm32g4xx_hal_gpio.o(i.HAL_GPIO_WritePin)
    HAL_GetTick                              0x08000d31   Thumb Code     6  stm32g4xx_hal.o(i.HAL_GetTick)
    HAL_I2CEx_ConfigAnalogFilter             0x08000d3d   Thumb Code    86  stm32g4xx_hal_i2c_ex.o(i.HAL_I2CEx_ConfigAnalogFilter)
    HAL_I2CEx_ConfigDigitalFilter            0x08000d93   Thumb Code    82  stm32g4xx_hal_i2c_ex.o(i.HAL_I2CEx_ConfigDigitalFilter)
    HAL_I2C_Init                             0x08000de5   Thumb Code   184  stm32g4xx_hal_i2c.o(i.HAL_I2C_Init)
    HAL_I2C_Master_Transmit                  0x08000ea1   Thumb Code   324  stm32g4xx_hal_i2c.o(i.HAL_I2C_Master_Transmit)
    HAL_I2C_Mem_Read                         0x08000fed   Thumb Code   346  stm32g4xx_hal_i2c.o(i.HAL_I2C_Mem_Read)
    HAL_I2C_Mem_Write                        0x08001151   Thumb Code   340  stm32g4xx_hal_i2c.o(i.HAL_I2C_Mem_Write)
    HAL_I2C_MspInit                          0x080012a9   Thumb Code   192  i2c.o(i.HAL_I2C_MspInit)
    HAL_IncTick                              0x08001379   Thumb Code    12  stm32g4xx_hal.o(i.HAL_IncTick)
    HAL_Init                                 0x08001389   Thumb Code    30  stm32g4xx_hal.o(i.HAL_Init)
    HAL_InitTick                             0x080013a9   Thumb Code   116  stm32g4xx_hal_timebase_tim.o(i.HAL_InitTick)
    HAL_MspInit                              0x08001431   Thumb Code    54  stm32g4xx_hal_msp.o(i.HAL_MspInit)
    HAL_NVIC_EnableIRQ                       0x0800146d   Thumb Code    26  stm32g4xx_hal_cortex.o(i.HAL_NVIC_EnableIRQ)
    HAL_NVIC_SetPriority                     0x08001489   Thumb Code    60  stm32g4xx_hal_cortex.o(i.HAL_NVIC_SetPriority)
    HAL_NVIC_SetPriorityGrouping             0x080014c9   Thumb Code    26  stm32g4xx_hal_cortex.o(i.HAL_NVIC_SetPriorityGrouping)
    HAL_PWREx_ControlVoltageScaling          0x080014ed   Thumb Code   174  stm32g4xx_hal_pwr_ex.o(i.HAL_PWREx_ControlVoltageScaling)
    HAL_PWREx_DisableUCPDDeadBattery         0x080015a9   Thumb Code    12  stm32g4xx_hal_pwr_ex.o(i.HAL_PWREx_DisableUCPDDeadBattery)
    HAL_RCCEx_PeriphCLKConfig                0x080015b9   Thumb Code   638  stm32g4xx_hal_rcc_ex.o(i.HAL_RCCEx_PeriphCLKConfig)
    HAL_RCC_ClockConfig                      0x08001841   Thumb Code   444  stm32g4xx_hal_rcc.o(i.HAL_RCC_ClockConfig)
    HAL_RCC_GetClockConfig                   0x08001a1d   Thumb Code    54  stm32g4xx_hal_rcc.o(i.HAL_RCC_GetClockConfig)
    HAL_RCC_GetPCLK1Freq                     0x08001a5d   Thumb Code    24  stm32g4xx_hal_rcc.o(i.HAL_RCC_GetPCLK1Freq)
    HAL_RCC_GetSysClockFreq                  0x08001a81   Thumb Code    98  stm32g4xx_hal_rcc.o(i.HAL_RCC_GetSysClockFreq)
    HAL_RCC_OscConfig                        0x08001aed   Thumb Code  1028  stm32g4xx_hal_rcc.o(i.HAL_RCC_OscConfig)
    HAL_TIMEx_Break2Callback                 0x08001ef1   Thumb Code     2  stm32g4xx_hal_tim_ex.o(i.HAL_TIMEx_Break2Callback)
    HAL_TIMEx_BreakCallback                  0x08001ef3   Thumb Code     2  stm32g4xx_hal_tim_ex.o(i.HAL_TIMEx_BreakCallback)
    HAL_TIMEx_CommutCallback                 0x08001ef5   Thumb Code     2  stm32g4xx_hal_tim_ex.o(i.HAL_TIMEx_CommutCallback)
    HAL_TIMEx_DirectionChangeCallback        0x08001ef7   Thumb Code     2  stm32g4xx_hal_tim_ex.o(i.HAL_TIMEx_DirectionChangeCallback)
    HAL_TIMEx_EncoderIndexCallback           0x08001ef9   Thumb Code     2  stm32g4xx_hal_tim_ex.o(i.HAL_TIMEx_EncoderIndexCallback)
    HAL_TIMEx_IndexErrorCallback             0x08001efb   Thumb Code     2  stm32g4xx_hal_tim_ex.o(i.HAL_TIMEx_IndexErrorCallback)
    HAL_TIMEx_MasterConfigSynchronization    0x08001efd   Thumb Code   132  stm32g4xx_hal_tim_ex.o(i.HAL_TIMEx_MasterConfigSynchronization)
    HAL_TIMEx_TransitionErrorCallback        0x08001f99   Thumb Code     2  stm32g4xx_hal_tim_ex.o(i.HAL_TIMEx_TransitionErrorCallback)
    HAL_TIM_Base_Init                        0x08001f9b   Thumb Code    98  stm32g4xx_hal_tim.o(i.HAL_TIM_Base_Init)
    HAL_TIM_Base_MspInit                     0x08001ffd   Thumb Code    30  tim.o(i.HAL_TIM_Base_MspInit)
    HAL_TIM_Base_Start_IT                    0x08002025   Thumb Code    94  stm32g4xx_hal_tim.o(i.HAL_TIM_Base_Start_IT)
    HAL_TIM_ConfigClockSource                0x0800209d   Thumb Code   246  stm32g4xx_hal_tim.o(i.HAL_TIM_ConfigClockSource)
    HAL_TIM_IC_CaptureCallback               0x0800219d   Thumb Code     2  stm32g4xx_hal_tim.o(i.HAL_TIM_IC_CaptureCallback)
    HAL_TIM_IRQHandler                       0x0800219f   Thumb Code   418  stm32g4xx_hal_tim.o(i.HAL_TIM_IRQHandler)
    HAL_TIM_OC_DelayElapsedCallback          0x08002341   Thumb Code     2  stm32g4xx_hal_tim.o(i.HAL_TIM_OC_DelayElapsedCallback)
    HAL_TIM_PWM_PulseFinishedCallback        0x08002343   Thumb Code     2  stm32g4xx_hal_tim.o(i.HAL_TIM_PWM_PulseFinishedCallback)
    HAL_TIM_PeriodElapsedCallback            0x08002345   Thumb Code    14  main.o(i.HAL_TIM_PeriodElapsedCallback)
    HAL_TIM_TriggerCallback                  0x08002359   Thumb Code     2  stm32g4xx_hal_tim.o(i.HAL_TIM_TriggerCallback)
    HardFault_Handler                        0x0800235b   Thumb Code     2  stm32g4xx_it.o(i.HardFault_Handler)
    KEY                                      0x080026b1   Thumb Code   130  app_freertos.o(i.KEY)
    LCD_Clear                                0x08002745   Thumb Code     4  driver_lcd.o(i.LCD_Clear)
    LCD_Flush                                0x08002749   Thumb Code     4  driver_lcd.o(i.LCD_Flush)
    LCD_FlushRegion                          0x0800274d   Thumb Code     4  driver_lcd.o(i.LCD_FlushRegion)
    LCD_GetFrameBuffer                       0x08002751   Thumb Code     4  driver_lcd.o(i.LCD_GetFrameBuffer)
    LCD_Init                                 0x08002755   Thumb Code     4  driver_lcd.o(i.LCD_Init)
    LCD_PrintString                          0x08002759   Thumb Code     4  driver_lcd.o(i.LCD_PrintString)
    MPU6050_ParseData                        0x0800275d   Thumb Code    58  driver_mpu6050.o(i.MPU6050_ParseData)
    MPU6050_ReadData                         0x080027a9   Thumb Code   282  driver_mpu6050.o(i.MPU6050_ReadData)
    MPU6050_ReadRegister                     0x080028c5   Thumb Code    28  driver_mpu6050.o(i.MPU6050_ReadRegister)
    MPU6050_Task                             0x080028e5   Thumb Code    84  driver_mpu6050.o(i.MPU6050_Task)
    MX_FREERTOS_Init                         0x0800293d   Thumb Code    76  app_freertos.o(i.MX_FREERTOS_Init)
    MX_GPIO_Init                             0x080029bd   Thumb Code   196  gpio.o(i.MX_GPIO_Init)
    MX_I2C2_Init                             0x08002a8d   Thumb Code    76  i2c.o(i.MX_I2C2_Init)
    MX_I2C3_Init                             0x08002ae5   Thumb Code    76  i2c.o(i.MX_I2C3_Init)
    MX_TIM1_Init                             0x08002b3d   Thumb Code   100  tim.o(i.MX_TIM1_Init)
    MemManage_Handler                        0x08002ba9   Thumb Code     2  stm32g4xx_it.o(i.MemManage_Handler)
    NMI_Handler                              0x08002bab   Thumb Code     2  stm32g4xx_it.o(i.NMI_Handler)
    OLED_Clear                               0x08002bad   Thumb Code    42  driver_oled.o(i.OLED_Clear)
    OLED_Flush                               0x08002bd9   Thumb Code    50  driver_oled.o(i.OLED_Flush)
    OLED_FlushRegion                         0x08002c11   Thumb Code    90  driver_oled.o(i.OLED_FlushRegion)
    OLED_GetFrameBuffer                      0x08002c71   Thumb Code    16  driver_oled.o(i.OLED_GetFrameBuffer)
    OLED_Init                                0x08002c85   Thumb Code   142  driver_oled.o(i.OLED_Init)
    OLED_PrintString                         0x08002d19   Thumb Code    50  driver_oled.o(i.OLED_PrintString)
    OLED_PutChar                             0x08002d4d   Thumb Code    66  driver_oled.o(i.OLED_PutChar)
    OLED_SetPosition                         0x08002dc1   Thumb Code    58  driver_oled.o(i.OLED_SetPosition)
    StartDefaultTask                         0x08002e49   Thumb Code     8  app_freertos.o(i.StartDefaultTask)
    SysTick_Handler                          0x08002e51   Thumb Code    26  cmsis_os2.o(i.SysTick_Handler)
    SystemClock_Config                       0x08002e6b   Thumb Code   104  main.o(i.SystemClock_Config)
    SystemInit                               0x08002ed5   Thumb Code    12  system_stm32g4xx.o(i.SystemInit)
    TIM7_IRQHandler                          0x08002ee5   Thumb Code     6  stm32g4xx_it.o(i.TIM7_IRQHandler)
    TIM_Base_SetConfig                       0x08002ef1   Thumb Code   160  stm32g4xx_hal_tim.o(i.TIM_Base_SetConfig)
    TIM_ETR_SetConfig                        0x08002fad   Thumb Code    20  stm32g4xx_hal_tim.o(i.TIM_ETR_SetConfig)
    UsageFault_Handler                       0x0800301b   Thumb Code     2  stm32g4xx_it.o(i.UsageFault_Handler)
    __hardfp_acos                            0x08003041   Thumb Code   738  acos.o(i.__hardfp_acos)
    __kernel_poly                            0x08003399   Thumb Code   248  poly.o(i.__kernel_poly)
    __mathlib_dbl_infnan                     0x08003491   Thumb Code    20  dunder.o(i.__mathlib_dbl_infnan)
    __mathlib_dbl_invalid                    0x080034a9   Thumb Code    24  dunder.o(i.__mathlib_dbl_invalid)
    draw_bitmap                              0x080034c9   Thumb Code   458  draw.o(i.draw_bitmap)
    draw_end                                 0x08003699   Thumb Code     4  draw.o(i.draw_end)
    draw_flushArea                           0x0800369d   Thumb Code    24  draw.o(i.draw_flushArea)
    draw_init                                0x080036b9   Thumb Code    20  draw.o(i.draw_init)
    draw_string                              0x080036d1   Thumb Code   166  draw.o(i.draw_string)
    draw_string_P                            0x08003781   Thumb Code    54  draw.o(i.draw_string_P)
    game1_draw                               0x080037b9   Thumb Code   978  game1.o(i.game1_draw)
    game1_task                               0x08003bc1   Thumb Code   172  game1.o(i.game1_task)
    main                                     0x08003ca1   Thumb Code    38  main.o(i.main)
    osDelay                                  0x08003cc7   Thumb Code    26  cmsis_os2.o(i.osDelay)
    osKernelInitialize                       0x08003ce1   Thumb Code    32  cmsis_os2.o(i.osKernelInitialize)
    osKernelStart                            0x08003d05   Thumb Code    48  cmsis_os2.o(i.osKernelStart)
    osThreadNew                              0x08003d3d   Thumb Code   138  cmsis_os2.o(i.osThreadNew)
    platform_task                            0x08003dc9   Thumb Code   256  game1.o(i.platform_task)
    pvPortMalloc                             0x0800466d   Thumb Code   216  heap_4.o(i.pvPortMalloc)
    pxPortInitialiseStack                    0x08004749   Thumb Code    40  port.o(i.pxPortInitialiseStack)
    sqrt                                     0x080047af   Thumb Code   110  sqrt.o(i.sqrt)
    uxListRemove                             0x0800481d   Thumb Code    38  list.o(i.uxListRemove)
    vApplicationGetIdleTaskMemory            0x08004845   Thumb Code    16  cmsis_os2.o(i.vApplicationGetIdleTaskMemory)
    vApplicationGetTimerTaskMemory           0x08004859   Thumb Code    18  cmsis_os2.o(i.vApplicationGetTimerTaskMemory)
    vListInitialise                          0x08004871   Thumb Code    22  list.o(i.vListInitialise)
    vListInitialiseItem                      0x08004887   Thumb Code     6  list.o(i.vListInitialiseItem)
    vListInsert                              0x0800488d   Thumb Code    48  list.o(i.vListInsert)
    vListInsertEnd                           0x080048bd   Thumb Code    24  list.o(i.vListInsertEnd)
    vPortEnterCritical                       0x080048d5   Thumb Code    54  port.o(i.vPortEnterCritical)
    vPortExitCritical                        0x08004915   Thumb Code    34  port.o(i.vPortExitCritical)
    vPortFree                                0x0800493d   Thumb Code    94  heap_4.o(i.vPortFree)
    vPortSetupTimerInterrupt                 0x080049a1   Thumb Code    32  port.o(i.vPortSetupTimerInterrupt)
    vPortValidateInterruptPriority           0x080049c5   Thumb Code    74  port.o(i.vPortValidateInterruptPriority)
    vQueueAddToRegistry                      0x08004a19   Thumb Code    34  queue.o(i.vQueueAddToRegistry)
    vQueueWaitForMessageRestricted           0x08004a41   Thumb Code    68  queue.o(i.vQueueWaitForMessageRestricted)
    vTaskDelay                               0x08004a85   Thumb Code    66  tasks.o(i.vTaskDelay)
    vTaskInternalSetTimeOutState             0x08004ad1   Thumb Code    12  tasks.o(i.vTaskInternalSetTimeOutState)
    vTaskMissedYield                         0x08004ae1   Thumb Code     8  tasks.o(i.vTaskMissedYield)
    vTaskPlaceOnEventList                    0x08004aed   Thumb Code    44  tasks.o(i.vTaskPlaceOnEventList)
    vTaskPlaceOnEventListRestricted          0x08004b1d   Thumb Code    52  tasks.o(i.vTaskPlaceOnEventListRestricted)
    vTaskStartScheduler                      0x08004b55   Thumb Code   118  tasks.o(i.vTaskStartScheduler)
    vTaskSuspendAll                          0x08004bdd   Thumb Code    10  tasks.o(i.vTaskSuspendAll)
    vTaskSwitchContext                       0x08004bed   Thumb Code    90  tasks.o(i.vTaskSwitchContext)
    xPortStartScheduler                      0x08004c51   Thumb Code   222  port.o(i.xPortStartScheduler)
    xPortSysTickHandler                      0x08004d45   Thumb Code    38  port.o(i.xPortSysTickHandler)
    xQueueGenericCreate                      0x08004d71   Thumb Code    66  queue.o(i.xQueueGenericCreate)
    xQueueGenericCreateStatic                0x08004db3   Thumb Code   102  queue.o(i.xQueueGenericCreateStatic)
    xQueueGenericReset                       0x08004e19   Thumb Code   132  queue.o(i.xQueueGenericReset)
    xQueueGenericSend                        0x08004ea1   Thumb Code   346  queue.o(i.xQueueGenericSend)
    xQueueGenericSendFromISR                 0x08005001   Thumb Code   190  queue.o(i.xQueueGenericSendFromISR)
    xQueueReceive                            0x080050c1   Thumb Code   308  queue.o(i.xQueueReceive)
    xTaskCheckForTimeOut                     0x080051f9   Thumb Code   112  tasks.o(i.xTaskCheckForTimeOut)
    xTaskCreate                              0x0800526d   Thumb Code    90  tasks.o(i.xTaskCreate)
    xTaskCreateStatic                        0x080052c7   Thumb Code    86  tasks.o(i.xTaskCreateStatic)
    xTaskGetSchedulerState                   0x0800531d   Thumb Code    22  tasks.o(i.xTaskGetSchedulerState)
    xTaskGetTickCount                        0x08005339   Thumb Code     6  tasks.o(i.xTaskGetTickCount)
    xTaskIncrementTick                       0x08005345   Thumb Code   192  tasks.o(i.xTaskIncrementTick)
    xTaskPriorityDisinherit                  0x0800540d   Thumb Code   118  tasks.o(i.xTaskPriorityDisinherit)
    xTaskRemoveFromEventList                 0x0800548d   Thumb Code    98  tasks.o(i.xTaskRemoveFromEventList)
    xTaskResumeAll                           0x080054fd   Thumb Code   182  tasks.o(i.xTaskResumeAll)
    xTimerCreateTimerTask                    0x080055c1   Thumb Code    78  timers.o(i.xTimerCreateTimerTask)
    xTimerGenericCommand                     0x08005621   Thumb Code    98  timers.o(i.xTimerGenericCommand)
    __aeabi_dadd                             0x08005689   Thumb Code     0  daddsub_clz.o(x$fpl$dadd)
    _dadd                                    0x08005689   Thumb Code   332  daddsub_clz.o(x$fpl$dadd)
    __aeabi_ddiv                             0x080057d9   Thumb Code     0  ddiv.o(x$fpl$ddiv)
    _ddiv                                    0x080057d9   Thumb Code   552  ddiv.o(x$fpl$ddiv)
    __aeabi_d2iz                             0x08005a89   Thumb Code     0  dfix.o(x$fpl$dfix)
    _dfix                                    0x08005a89   Thumb Code    94  dfix.o(x$fpl$dfix)
    __aeabi_i2d                              0x08005ae7   Thumb Code     0  dflt_clz.o(x$fpl$dflt)
    _dflt                                    0x08005ae7   Thumb Code    46  dflt_clz.o(x$fpl$dflt)
    __aeabi_dmul                             0x08005b15   Thumb Code     0  dmul.o(x$fpl$dmul)
    _dmul                                    0x08005b15   Thumb Code   332  dmul.o(x$fpl$dmul)
    __fpl_dnaninf                            0x08005c69   Thumb Code   156  dnaninf.o(x$fpl$dnaninf)
    __fpl_dretinf                            0x08005d05   Thumb Code    12  dretinf.o(x$fpl$dretinf)
    __aeabi_drsub                            0x08005d11   Thumb Code     0  daddsub_clz.o(x$fpl$drsb)
    _drsb                                    0x08005d11   Thumb Code    22  daddsub_clz.o(x$fpl$drsb)
    _dsqrt                                   0x08005d29   Thumb Code   404  dsqrt_umaal.o(x$fpl$dsqrt)
    __aeabi_dsub                             0x08005ec1   Thumb Code     0  daddsub_clz.o(x$fpl$dsub)
    _dsub                                    0x08005ec1   Thumb Code   464  daddsub_clz.o(x$fpl$dsub)
    _fp_init                                 0x08006095   Thumb Code    10  fpinit.o(x$fpl$fpinit)
    __fplib_config_fpu_vfp                   0x0800609d   Thumb Code     0  fpinit.o(x$fpl$fpinit)
    __fplib_config_pureend_doubles           0x0800609d   Thumb Code     0  fpinit.o(x$fpl$fpinit)
    __I$use$fp                               0x0800609e   Number         0  usenofp.o(x$fpl$usenofp)
    defaultTask_attributes                   0x080060a0   Data          36  app_freertos.o(.constdata)
    AHBPrescTable                            0x080060c4   Data          16  system_stm32g4xx.o(.constdata)
    APBPrescTable                            0x080060d4   Data           8  system_stm32g4xx.o(.constdata)
    ascii_font                               0x080060dc   Data        2048  driver_oled.o(.constdata)
    livesImg                                 0x080068f9   Data           7  resources.o(.constdata)
    smallFont                                0x08006900   Data         485  resources.o(.constdata)
    Region$$Table$$Base                      0x08006b44   Number         0  anon$$obj.o(Region$$Table)
    Region$$Table$$Limit                     0x08006b64   Number         0  anon$$obj.o(Region$$Table)
    Mpu6050                                  0x20000000   Data           1  app_freertos.o(.data)
    canuse                                   0x20000001   Data           1  app_freertos.o(.data)
    defaultTaskHandle                        0x20000004   Data           4  app_freertos.o(.data)
    xKEYTaskHandle                           0x20000008   Data           4  app_freertos.o(.data)
    uwTickPrio                               0x2000000c   Data           4  stm32g4xx_hal.o(.data)
    uwTickFreq                               0x20000010   Data           4  stm32g4xx_hal.o(.data)
    uwTick                                   0x20000014   Data           4  stm32g4xx_hal.o(.data)
    SystemCoreClock                          0x20000018   Data           4  system_stm32g4xx.o(.data)
    g_xQueueMPU6050                          0x20000028   Data           4  driver_mpu6050.o(.data)
    pxCurrentTCB                             0x20000030   Data           4  tasks.o(.data)
    uptMove                                  0x200000c5   Data           1  game1.o(.data)
    hi2c2                                    0x200000e4   Data          84  i2c.o(.bss)
    hi2c3                                    0x20000138   Data          84  i2c.o(.bss)
    htim1                                    0x2000018c   Data          76  tim.o(.bss)
    htim7                                    0x200001d8   Data          76  stm32g4xx_hal_timebase_tim.o(.bss)
    xQueueRegistry                           0x20000624   Data          64  queue.o(.bss)
    _random_number_data                      0x20002b08   Data         228  rand.o(.bss)
    __libspace_start                         0x20002bec   Data          96  libspace.o(.bss)
    __temporary_stack_top$libspace           0x20002c4c   Data           0  libspace.o(.bss)



==============================================================================

Memory Map of the image

  Image Entry point : 0x080001d9

  Load Region LR_IROM1 (Base: 0x08000000, Size: 0x00006c48, Max: 0x0001c000, ABSOLUTE)

    Execution Region ER_IROM1 (Exec base: 0x08000000, Load base: 0x08000000, Size: 0x00006b64, Max: 0x0001c000, ABSOLUTE)

    Exec Addr    Load Addr    Size         Type   Attr      Idx    E Section Name        Object

    0x08000000   0x08000000   0x000001d8   Data   RO            3    RESET               startup_stm32g431xx.o
    0x080001d8   0x080001d8   0x00000008   Code   RO         6115  * !!!main             c_w.l(__main.o)
    0x080001e0   0x080001e0   0x00000034   Code   RO         6411    !!!scatter          c_w.l(__scatter.o)
    0x08000214   0x08000214   0x0000001a   Code   RO         6413    !!handler_copy      c_w.l(__scatter_copy.o)
    0x0800022e   0x0800022e   0x00000002   PAD
    0x08000230   0x08000230   0x0000001c   Code   RO         6415    !!handler_zi        c_w.l(__scatter_zi.o)
    0x0800024c   0x0800024c   0x00000000   Code   RO         6093    .ARM.Collect$$_printf_percent$$00000000  c_w.l(_printf_percent.o)
    0x0800024c   0x0800024c   0x00000006   Code   RO         6092    .ARM.Collect$$_printf_percent$$0000000A  c_w.l(_printf_u.o)
    0x08000252   0x08000252   0x00000004   Code   RO         6179    .ARM.Collect$$_printf_percent$$00000017  c_w.l(_printf_percent_end.o)
    0x08000256   0x08000256   0x00000002   Code   RO         6346    .ARM.Collect$$libinit$$00000000  c_w.l(libinit.o)
    0x08000258   0x08000258   0x00000004   Code   RO         6184    .ARM.Collect$$libinit$$00000001  c_w.l(libinit2.o)
    0x0800025c   0x0800025c   0x00000000   Code   RO         6187    .ARM.Collect$$libinit$$00000004  c_w.l(libinit2.o)
    0x0800025c   0x0800025c   0x00000008   Code   RO         6188    .ARM.Collect$$libinit$$00000005  c_w.l(libinit2.o)
    0x08000264   0x08000264   0x00000000   Code   RO         6190    .ARM.Collect$$libinit$$0000000A  c_w.l(libinit2.o)
    0x08000264   0x08000264   0x00000000   Code   RO         6192    .ARM.Collect$$libinit$$0000000C  c_w.l(libinit2.o)
    0x08000264   0x08000264   0x00000004   Code   RO         6193    .ARM.Collect$$libinit$$0000000D  c_w.l(libinit2.o)
    0x08000268   0x08000268   0x00000000   Code   RO         6194    .ARM.Collect$$libinit$$0000000E  c_w.l(libinit2.o)
    0x08000268   0x08000268   0x00000000   Code   RO         6197    .ARM.Collect$$libinit$$00000011  c_w.l(libinit2.o)
    0x08000268   0x08000268   0x00000000   Code   RO         6199    .ARM.Collect$$libinit$$00000013  c_w.l(libinit2.o)
    0x08000268   0x08000268   0x00000000   Code   RO         6201    .ARM.Collect$$libinit$$00000015  c_w.l(libinit2.o)
    0x08000268   0x08000268   0x00000000   Code   RO         6203    .ARM.Collect$$libinit$$00000017  c_w.l(libinit2.o)
    0x08000268   0x08000268   0x00000000   Code   RO         6205    .ARM.Collect$$libinit$$00000019  c_w.l(libinit2.o)
    0x08000268   0x08000268   0x00000000   Code   RO         6207    .ARM.Collect$$libinit$$0000001B  c_w.l(libinit2.o)
    0x08000268   0x08000268   0x00000000   Code   RO         6209    .ARM.Collect$$libinit$$0000001D  c_w.l(libinit2.o)
    0x08000268   0x08000268   0x00000000   Code   RO         6211    .ARM.Collect$$libinit$$0000001F  c_w.l(libinit2.o)
    0x08000268   0x08000268   0x00000000   Code   RO         6213    .ARM.Collect$$libinit$$00000021  c_w.l(libinit2.o)
    0x08000268   0x08000268   0x00000000   Code   RO         6215    .ARM.Collect$$libinit$$00000023  c_w.l(libinit2.o)
    0x08000268   0x08000268   0x00000000   Code   RO         6217    .ARM.Collect$$libinit$$00000025  c_w.l(libinit2.o)
    0x08000268   0x08000268   0x00000000   Code   RO         6221    .ARM.Collect$$libinit$$0000002C  c_w.l(libinit2.o)
    0x08000268   0x08000268   0x00000000   Code   RO         6223    .ARM.Collect$$libinit$$0000002E  c_w.l(libinit2.o)
    0x08000268   0x08000268   0x00000000   Code   RO         6225    .ARM.Collect$$libinit$$00000030  c_w.l(libinit2.o)
    0x08000268   0x08000268   0x00000000   Code   RO         6227    .ARM.Collect$$libinit$$00000032  c_w.l(libinit2.o)
    0x08000268   0x08000268   0x00000002   Code   RO         6228    .ARM.Collect$$libinit$$00000033  c_w.l(libinit2.o)
    0x0800026a   0x0800026a   0x00000002   Code   RO         6408    .ARM.Collect$$libshutdown$$00000000  c_w.l(libshutdown.o)
    0x0800026c   0x0800026c   0x00000000   Code   RO         6362    .ARM.Collect$$libshutdown$$00000002  c_w.l(libshutdown2.o)
    0x0800026c   0x0800026c   0x00000000   Code   RO         6364    .ARM.Collect$$libshutdown$$00000004  c_w.l(libshutdown2.o)
    0x0800026c   0x0800026c   0x00000000   Code   RO         6366    .ARM.Collect$$libshutdown$$00000006  c_w.l(libshutdown2.o)
    0x0800026c   0x0800026c   0x00000000   Code   RO         6369    .ARM.Collect$$libshutdown$$00000009  c_w.l(libshutdown2.o)
    0x0800026c   0x0800026c   0x00000000   Code   RO         6372    .ARM.Collect$$libshutdown$$0000000C  c_w.l(libshutdown2.o)
    0x0800026c   0x0800026c   0x00000000   Code   RO         6374    .ARM.Collect$$libshutdown$$0000000E  c_w.l(libshutdown2.o)
    0x0800026c   0x0800026c   0x00000000   Code   RO         6377    .ARM.Collect$$libshutdown$$00000011  c_w.l(libshutdown2.o)
    0x0800026c   0x0800026c   0x00000002   Code   RO         6378    .ARM.Collect$$libshutdown$$00000012  c_w.l(libshutdown2.o)
    0x0800026e   0x0800026e   0x00000000   Code   RO         6145    .ARM.Collect$$rtentry$$00000000  c_w.l(__rtentry.o)
    0x0800026e   0x0800026e   0x00000000   Code   RO         6278    .ARM.Collect$$rtentry$$00000002  c_w.l(__rtentry2.o)
    0x0800026e   0x0800026e   0x00000006   Code   RO         6290    .ARM.Collect$$rtentry$$00000004  c_w.l(__rtentry4.o)
    0x08000274   0x08000274   0x00000000   Code   RO         6280    .ARM.Collect$$rtentry$$00000009  c_w.l(__rtentry2.o)
    0x08000274   0x08000274   0x00000004   Code   RO         6281    .ARM.Collect$$rtentry$$0000000A  c_w.l(__rtentry2.o)
    0x08000278   0x08000278   0x00000000   Code   RO         6283    .ARM.Collect$$rtentry$$0000000C  c_w.l(__rtentry2.o)
    0x08000278   0x08000278   0x00000008   Code   RO         6284    .ARM.Collect$$rtentry$$0000000D  c_w.l(__rtentry2.o)
    0x08000280   0x08000280   0x00000002   Code   RO         6351    .ARM.Collect$$rtexit$$00000000  c_w.l(rtexit.o)
    0x08000282   0x08000282   0x00000000   Code   RO         6382    .ARM.Collect$$rtexit$$00000002  c_w.l(rtexit2.o)
    0x08000282   0x08000282   0x00000004   Code   RO         6383    .ARM.Collect$$rtexit$$00000003  c_w.l(rtexit2.o)
    0x08000286   0x08000286   0x00000006   Code   RO         6384    .ARM.Collect$$rtexit$$00000004  c_w.l(rtexit2.o)
    0x0800028c   0x0800028c   0x000000be   Code   RO         5751    .emb_text           port.o
    0x0800034a   0x0800034a   0x00000002   PAD
    0x0800034c   0x0800034c   0x00000034   Code   RO         6094    .emb_text           c_w.l(rand.o)
    0x08000380   0x08000380   0x00000000   Code   RO         6299    .emb_text           c_w.l(maybetermalloc1.o)
    0x08000380   0x08000380   0x00000040   Code   RO            4    .text               startup_stm32g431xx.o
    0x080003c0   0x080003c0   0x0000005e   Code   RO         6006    .text               c_w.l(h1_alloc.o)
    0x0800041e   0x0800041e   0x0000004e   Code   RO         6008    .text               c_w.l(h1_free.o)
    0x0800046c   0x0800046c   0x00000028   Code   RO         6066    .text               c_w.l(noretval__2sprintf.o)
    0x08000494   0x08000494   0x00000068   Code   RO         6068    .text               c_w.l(__printf.o)
    0x080004fc   0x080004fc   0x00000078   Code   RO         6070    .text               c_w.l(_printf_dec.o)
    0x08000574   0x08000574   0x0000003c   Code   RO         6095    .text               c_w.l(rand.o)
    0x080005b0   0x080005b0   0x00000048   Code   RO         6099    .text               c_w.l(strcpy.o)
    0x080005f8   0x080005f8   0x0000003e   Code   RO         6101    .text               c_w.l(strlen.o)
    0x08000636   0x08000636   0x0000008a   Code   RO         6103    .text               c_w.l(rt_memcpy_v6.o)
    0x080006c0   0x080006c0   0x00000010   Code   RO         6107    .text               c_w.l(aeabi_memset.o)
    0x080006d0   0x080006d0   0x00000044   Code   RO         6109    .text               c_w.l(rt_memclr.o)
    0x08000714   0x08000714   0x0000004e   Code   RO         6111    .text               c_w.l(rt_memclr_w.o)
    0x08000762   0x08000762   0x00000006   Code   RO         6113    .text               c_w.l(heapauxi.o)
    0x08000768   0x08000768   0x00000008   Code   RO         6149    .text               c_w.l(rt_heap_descriptor_intlibspace.o)
    0x08000770   0x08000770   0x00000004   Code   RO         6151    .text               c_w.l(hguard.o)
    0x08000774   0x08000774   0x0000008a   Code   RO         6153    .text               c_w.l(init_alloc.o)
    0x080007fe   0x080007fe   0x0000000e   Code   RO         6157    .text               c_w.l(h1_init.o)
    0x0800080c   0x0800080c   0x00000016   Code   RO         6171    .text               c_w.l(_rserrno.o)
    0x08000822   0x08000822   0x000000b2   Code   RO         6173    .text               c_w.l(_printf_intcommon.o)
    0x080008d4   0x080008d4   0x00000030   Code   RO         6175    .text               c_w.l(_printf_char_common.o)
    0x08000904   0x08000904   0x0000000a   Code   RO         6177    .text               c_w.l(_sputc.o)
    0x0800090e   0x0800090e   0x00000064   Code   RO         6180    .text               c_w.l(rt_memcpy_w.o)
    0x08000972   0x08000972   0x00000002   PAD
    0x08000974   0x08000974   0x00000008   Code   RO         6274    .text               c_w.l(libspace.o)
    0x0800097c   0x0800097c   0x00000008   Code   RO         6295    .text               c_w.l(rt_errno_addr_intlibspace.o)
    0x08000984   0x08000984   0x00000034   Code   RO         6301    .text               c_w.l(h1_extend.o)
    0x080009b8   0x080009b8   0x0000000e   Code   RO         6307    .text               c_w.l(defsig_rtmem_outer.o)
    0x080009c6   0x080009c6   0x00000002   Code   RO         6322    .text               c_w.l(use_no_semi.o)
    0x080009c8   0x080009c8   0x00000000   Code   RO         6324    .text               c_w.l(indicate_semi.o)
    0x080009c8   0x080009c8   0x0000004a   Code   RO         6325    .text               c_w.l(sys_stackheap_outer.o)
    0x08000a12   0x08000a12   0x00000012   Code   RO         6331    .text               c_w.l(exit.o)
    0x08000a24   0x08000a24   0x0000000a   Code   RO         6333    .text               c_w.l(defsig_exit.o)
    0x08000a2e   0x08000a2e   0x00000002   PAD
    0x08000a30   0x08000a30   0x00000050   Code   RO         6335    .text               c_w.l(defsig_rtmem_inner.o)
    0x08000a80   0x08000a80   0x0000000c   Code   RO         6349    .text               c_w.l(sys_exit.o)
    0x08000a8c   0x08000a8c   0x00000032   Code   RO         6359    .text               c_w.l(defsig_general.o)
    0x08000abe   0x08000abe   0x0000000e   Code   RO         6379    .text               c_w.l(sys_wrch.o)
    0x08000acc   0x08000acc   0x00000002   Code   RO          427    i.BusFault_Handler  stm32g4xx_it.o
    0x08000ace   0x08000ace   0x00000002   Code   RO          428    i.DebugMon_Handler  stm32g4xx_it.o
    0x08000ad0   0x08000ad0   0x00000004   Code   RO           13    i.Error_Handler     main.o
    0x08000ad4   0x08000ad4   0x00000248   Code   RO         1270    i.HAL_GPIO_Init     stm32g4xx_hal_gpio.o
    0x08000d1c   0x08000d1c   0x0000000a   Code   RO         1272    i.HAL_GPIO_ReadPin  stm32g4xx_hal_gpio.o
    0x08000d26   0x08000d26   0x0000000a   Code   RO         1274    i.HAL_GPIO_WritePin  stm32g4xx_hal_gpio.o
    0x08000d30   0x08000d30   0x0000000c   Code   RO          565    i.HAL_GetTick       stm32g4xx_hal.o
    0x08000d3c   0x08000d3c   0x00000056   Code   RO         2531    i.HAL_I2CEx_ConfigAnalogFilter  stm32g4xx_hal_i2c_ex.o
    0x08000d92   0x08000d92   0x00000052   Code   RO         2532    i.HAL_I2CEx_ConfigDigitalFilter  stm32g4xx_hal_i2c_ex.o
    0x08000de4   0x08000de4   0x000000bc   Code   RO         2070    i.HAL_I2C_Init      stm32g4xx_hal_i2c.o
    0x08000ea0   0x08000ea0   0x0000014c   Code   RO         2083    i.HAL_I2C_Master_Transmit  stm32g4xx_hal_i2c.o
    0x08000fec   0x08000fec   0x00000164   Code   RO         2088    i.HAL_I2C_Mem_Read  stm32g4xx_hal_i2c.o
    0x08001150   0x08001150   0x00000158   Code   RO         2091    i.HAL_I2C_Mem_Write  stm32g4xx_hal_i2c.o
    0x080012a8   0x080012a8   0x000000d0   Code   RO          338    i.HAL_I2C_MspInit   i2c.o
    0x08001378   0x08001378   0x00000010   Code   RO          571    i.HAL_IncTick       stm32g4xx_hal.o
    0x08001388   0x08001388   0x0000001e   Code   RO          572    i.HAL_Init          stm32g4xx_hal.o
    0x080013a6   0x080013a6   0x00000002   PAD
    0x080013a8   0x080013a8   0x00000088   Code   RO          515    i.HAL_InitTick      stm32g4xx_hal_timebase_tim.o
    0x08001430   0x08001430   0x0000003c   Code   RO          491    i.HAL_MspInit       stm32g4xx_hal_msp.o
    0x0800146c   0x0800146c   0x0000001a   Code   RO         1919    i.HAL_NVIC_EnableIRQ  stm32g4xx_hal_cortex.o
    0x08001486   0x08001486   0x00000002   PAD
    0x08001488   0x08001488   0x00000040   Code   RO         1925    i.HAL_NVIC_SetPriority  stm32g4xx_hal_cortex.o
    0x080014c8   0x080014c8   0x00000024   Code   RO         1926    i.HAL_NVIC_SetPriorityGrouping  stm32g4xx_hal_cortex.o
    0x080014ec   0x080014ec   0x000000bc   Code   RO         1673    i.HAL_PWREx_ControlVoltageScaling  stm32g4xx_hal_pwr_ex.o
    0x080015a8   0x080015a8   0x00000010   Code   RO         1685    i.HAL_PWREx_DisableUCPDDeadBattery  stm32g4xx_hal_pwr_ex.o
    0x080015b8   0x080015b8   0x00000288   Code   RO          932    i.HAL_RCCEx_PeriphCLKConfig  stm32g4xx_hal_rcc_ex.o
    0x08001840   0x08001840   0x000001dc   Code   RO          807    i.HAL_RCC_ClockConfig  stm32g4xx_hal_rcc.o
    0x08001a1c   0x08001a1c   0x00000040   Code   RO          812    i.HAL_RCC_GetClockConfig  stm32g4xx_hal_rcc.o
    0x08001a5c   0x08001a5c   0x00000024   Code   RO          815    i.HAL_RCC_GetPCLK1Freq  stm32g4xx_hal_rcc.o
    0x08001a80   0x08001a80   0x0000006c   Code   RO          817    i.HAL_RCC_GetSysClockFreq  stm32g4xx_hal_rcc.o
    0x08001aec   0x08001aec   0x00000404   Code   RO          820    i.HAL_RCC_OscConfig  stm32g4xx_hal_rcc.o
    0x08001ef0   0x08001ef0   0x00000002   Code   RO         3301    i.HAL_TIMEx_Break2Callback  stm32g4xx_hal_tim_ex.o
    0x08001ef2   0x08001ef2   0x00000002   Code   RO         3302    i.HAL_TIMEx_BreakCallback  stm32g4xx_hal_tim_ex.o
    0x08001ef4   0x08001ef4   0x00000002   Code   RO         3303    i.HAL_TIMEx_CommutCallback  stm32g4xx_hal_tim_ex.o
    0x08001ef6   0x08001ef6   0x00000002   Code   RO         3314    i.HAL_TIMEx_DirectionChangeCallback  stm32g4xx_hal_tim_ex.o
    0x08001ef8   0x08001ef8   0x00000002   Code   RO         3328    i.HAL_TIMEx_EncoderIndexCallback  stm32g4xx_hal_tim_ex.o
    0x08001efa   0x08001efa   0x00000002   Code   RO         3342    i.HAL_TIMEx_IndexErrorCallback  stm32g4xx_hal_tim_ex.o
    0x08001efc   0x08001efc   0x0000009c   Code   RO         3343    i.HAL_TIMEx_MasterConfigSynchronization  stm32g4xx_hal_tim_ex.o
    0x08001f98   0x08001f98   0x00000002   Code   RO         3364    i.HAL_TIMEx_TransitionErrorCallback  stm32g4xx_hal_tim_ex.o
    0x08001f9a   0x08001f9a   0x00000062   Code   RO         2587    i.HAL_TIM_Base_Init  stm32g4xx_hal_tim.o
    0x08001ffc   0x08001ffc   0x00000028   Code   RO          386    i.HAL_TIM_Base_MspInit  tim.o
    0x08002024   0x08002024   0x00000078   Code   RO         2592    i.HAL_TIM_Base_Start_IT  stm32g4xx_hal_tim.o
    0x0800209c   0x0800209c   0x00000100   Code   RO         2596    i.HAL_TIM_ConfigClockSource  stm32g4xx_hal_tim.o
    0x0800219c   0x0800219c   0x00000002   Code   RO         2621    i.HAL_TIM_IC_CaptureCallback  stm32g4xx_hal_tim.o
    0x0800219e   0x0800219e   0x000001a2   Code   RO         2635    i.HAL_TIM_IRQHandler  stm32g4xx_hal_tim.o
    0x08002340   0x08002340   0x00000002   Code   RO         2638    i.HAL_TIM_OC_DelayElapsedCallback  stm32g4xx_hal_tim.o
    0x08002342   0x08002342   0x00000002   Code   RO         2665    i.HAL_TIM_PWM_PulseFinishedCallback  stm32g4xx_hal_tim.o
    0x08002344   0x08002344   0x00000014   Code   RO           14    i.HAL_TIM_PeriodElapsedCallback  main.o
    0x08002358   0x08002358   0x00000002   Code   RO         2678    i.HAL_TIM_TriggerCallback  stm32g4xx_hal_tim.o
    0x0800235a   0x0800235a   0x00000002   Code   RO          429    i.HardFault_Handler  stm32g4xx_it.o
    0x0800235c   0x0800235c   0x00000022   Code   RO         2117    i.I2C_Flush_TXDR    stm32g4xx_hal_i2c.o
    0x0800237e   0x0800237e   0x00000002   PAD
    0x08002380   0x08002380   0x0000010c   Code   RO         2125    i.I2C_IsErrorOccurred  stm32g4xx_hal_i2c.o
    0x0800248c   0x0800248c   0x00000064   Code   RO         2130    i.I2C_RequestMemoryRead  stm32g4xx_hal_i2c.o
    0x080024f0   0x080024f0   0x00000064   Code   RO         2131    i.I2C_RequestMemoryWrite  stm32g4xx_hal_i2c.o
    0x08002554   0x08002554   0x00000030   Code   RO         2134    i.I2C_TransferConfig  stm32g4xx_hal_i2c.o
    0x08002584   0x08002584   0x0000007a   Code   RO         2136    i.I2C_WaitOnFlagUntilTimeout  stm32g4xx_hal_i2c.o
    0x080025fe   0x080025fe   0x00000056   Code   RO         2138    i.I2C_WaitOnSTOPFlagUntilTimeout  stm32g4xx_hal_i2c.o
    0x08002654   0x08002654   0x0000005a   Code   RO         2139    i.I2C_WaitOnTXISFlagUntilTimeout  stm32g4xx_hal_i2c.o
    0x080026ae   0x080026ae   0x00000002   PAD
    0x080026b0   0x080026b0   0x00000094   Code   RO          231    i.KEY               app_freertos.o
    0x08002744   0x08002744   0x00000004   Code   RO         3792    i.LCD_Clear         driver_lcd.o
    0x08002748   0x08002748   0x00000004   Code   RO         3795    i.LCD_Flush         driver_lcd.o
    0x0800274c   0x0800274c   0x00000004   Code   RO         3796    i.LCD_FlushRegion   driver_lcd.o
    0x08002750   0x08002750   0x00000004   Code   RO         3797    i.LCD_GetFrameBuffer  driver_lcd.o
    0x08002754   0x08002754   0x00000004   Code   RO         3798    i.LCD_Init          driver_lcd.o
    0x08002758   0x08002758   0x00000004   Code   RO         3801    i.LCD_PrintString   driver_lcd.o
    0x0800275c   0x0800275c   0x0000004c   Code   RO         3998    i.MPU6050_ParseData  driver_mpu6050.o
    0x080027a8   0x080027a8   0x0000011a   Code   RO         3999    i.MPU6050_ReadData  driver_mpu6050.o
    0x080028c2   0x080028c2   0x00000002   PAD
    0x080028c4   0x080028c4   0x00000020   Code   RO         4000    i.MPU6050_ReadRegister  driver_mpu6050.o
    0x080028e4   0x080028e4   0x00000058   Code   RO         4001    i.MPU6050_Task      driver_mpu6050.o
    0x0800293c   0x0800293c   0x00000080   Code   RO          233    i.MX_FREERTOS_Init  app_freertos.o
    0x080029bc   0x080029bc   0x000000d0   Code   RO          207    i.MX_GPIO_Init      gpio.o
    0x08002a8c   0x08002a8c   0x00000058   Code   RO          339    i.MX_I2C2_Init      i2c.o
    0x08002ae4   0x08002ae4   0x00000058   Code   RO          340    i.MX_I2C3_Init      i2c.o
    0x08002b3c   0x08002b3c   0x0000006c   Code   RO          387    i.MX_TIM1_Init      tim.o
    0x08002ba8   0x08002ba8   0x00000002   Code   RO          430    i.MemManage_Handler  stm32g4xx_it.o
    0x08002baa   0x08002baa   0x00000002   Code   RO          431    i.NMI_Handler       stm32g4xx_it.o
    0x08002bac   0x08002bac   0x0000002a   Code   RO         3876    i.OLED_Clear        driver_oled.o
    0x08002bd6   0x08002bd6   0x00000002   PAD
    0x08002bd8   0x08002bd8   0x00000038   Code   RO         3879    i.OLED_Flush        driver_oled.o
    0x08002c10   0x08002c10   0x00000060   Code   RO         3880    i.OLED_FlushRegion  driver_oled.o
    0x08002c70   0x08002c70   0x00000014   Code   RO         3881    i.OLED_GetFrameBuffer  driver_oled.o
    0x08002c84   0x08002c84   0x00000094   Code   RO         3882    i.OLED_Init         driver_oled.o
    0x08002d18   0x08002d18   0x00000032   Code   RO         3885    i.OLED_PrintString  driver_oled.o
    0x08002d4a   0x08002d4a   0x00000002   PAD
    0x08002d4c   0x08002d4c   0x00000048   Code   RO         3886    i.OLED_PutChar      driver_oled.o
    0x08002d94   0x08002d94   0x0000002c   Code   RO         3887    i.OLED_SetComConfig  driver_oled.o
    0x08002dc0   0x08002dc0   0x00000040   Code   RO         3888    i.OLED_SetPosition  driver_oled.o
    0x08002e00   0x08002e00   0x00000028   Code   RO         3890    i.OLED_WriteCmd     driver_oled.o
    0x08002e28   0x08002e28   0x00000020   Code   RO         3891    i.OLED_WriteNBytes  driver_oled.o
    0x08002e48   0x08002e48   0x00000008   Code   RO          237    i.StartDefaultTask  app_freertos.o
    0x08002e50   0x08002e50   0x0000001a   Code   RO         5183    i.SysTick_Handler   cmsis_os2.o
    0x08002e6a   0x08002e6a   0x00000068   Code   RO           15    i.SystemClock_Config  main.o
    0x08002ed2   0x08002ed2   0x00000002   PAD
    0x08002ed4   0x08002ed4   0x00000010   Code   RO         3731    i.SystemInit        system_stm32g4xx.o
    0x08002ee4   0x08002ee4   0x0000000c   Code   RO          432    i.TIM7_IRQHandler   stm32g4xx_it.o
    0x08002ef0   0x08002ef0   0x000000bc   Code   RO         2680    i.TIM_Base_SetConfig  stm32g4xx_hal_tim.o
    0x08002fac   0x08002fac   0x00000014   Code   RO         2691    i.TIM_ETR_SetConfig  stm32g4xx_hal_tim.o
    0x08002fc0   0x08002fc0   0x00000014   Code   RO         2692    i.TIM_ITRx_SetConfig  stm32g4xx_hal_tim.o
    0x08002fd4   0x08002fd4   0x00000022   Code   RO         2700    i.TIM_TI1_ConfigInputStage  stm32g4xx_hal_tim.o
    0x08002ff6   0x08002ff6   0x00000024   Code   RO         2702    i.TIM_TI2_ConfigInputStage  stm32g4xx_hal_tim.o
    0x0800301a   0x0800301a   0x00000002   Code   RO          433    i.UsageFault_Handler  stm32g4xx_it.o
    0x0800301c   0x0800301c   0x00000020   Code   RO         1932    i.__NVIC_SetPriority  stm32g4xx_hal_cortex.o
    0x0800303c   0x0800303c   0x00000004   PAD
    0x08003040   0x08003040   0x00000358   Code   RO         6129    i.__hardfp_acos     m_wm.l(acos.o)
    0x08003398   0x08003398   0x000000f8   Code   RO         6258    i.__kernel_poly     m_wm.l(poly.o)
    0x08003490   0x08003490   0x00000014   Code   RO         6245    i.__mathlib_dbl_infnan  m_wm.l(dunder.o)
    0x080034a4   0x080034a4   0x00000004   PAD
    0x080034a8   0x080034a8   0x00000020   Code   RO         6247    i.__mathlib_dbl_invalid  m_wm.l(dunder.o)
    0x080034c8   0x080034c8   0x000001d0   Code   RO         5828    i.draw_bitmap       draw.o
    0x08003698   0x08003698   0x00000004   Code   RO         5830    i.draw_end          draw.o
    0x0800369c   0x0800369c   0x0000001c   Code   RO         5831    i.draw_flushArea    draw.o
    0x080036b8   0x080036b8   0x00000018   Code   RO         5832    i.draw_init         draw.o
    0x080036d0   0x080036d0   0x000000b0   Code   RO         5833    i.draw_string       draw.o
    0x08003780   0x08003780   0x00000036   Code   RO         5834    i.draw_string_P     draw.o
    0x080037b6   0x080037b6   0x00000002   PAD
    0x080037b8   0x080037b8   0x00000408   Code   RO         5909    i.game1_draw        game1.o
    0x08003bc0   0x08003bc0   0x000000e0   Code   RO         5910    i.game1_task        game1.o
    0x08003ca0   0x08003ca0   0x00000026   Code   RO           16    i.main              main.o
    0x08003cc6   0x08003cc6   0x0000001a   Code   RO         5185    i.osDelay           cmsis_os2.o
    0x08003ce0   0x08003ce0   0x00000024   Code   RO         5199    i.osKernelInitialize  cmsis_os2.o
    0x08003d04   0x08003d04   0x00000038   Code   RO         5202    i.osKernelStart     cmsis_os2.o
    0x08003d3c   0x08003d3c   0x0000008a   Code   RO         5244    i.osThreadNew       cmsis_os2.o
    0x08003dc6   0x08003dc6   0x00000002   PAD
    0x08003dc8   0x08003dc8   0x00000110   Code   RO         5911    i.platform_task     game1.o
    0x08003ed8   0x08003ed8   0x0000005c   Code   RO         4647    i.prvAddCurrentTaskToDelayedList  tasks.o
    0x08003f34   0x08003f34   0x000000d0   Code   RO         4648    i.prvAddNewTaskToReadyList  tasks.o
    0x08004004   0x08004004   0x00000058   Code   RO         5012    i.prvCheckForValidListAndQueue  timers.o
    0x0800405c   0x0800405c   0x00000026   Code   RO         4244    i.prvCopyDataFromQueue  queue.o
    0x08004082   0x08004082   0x0000006c   Code   RO         4245    i.prvCopyDataToQueue  queue.o
    0x080040ee   0x080040ee   0x00000034   Code   RO         4649    i.prvDeleteTCB      tasks.o
    0x08004122   0x08004122   0x00000002   PAD
    0x08004124   0x08004124   0x0000004c   Code   RO         5696    i.prvHeapInit       heap_4.o
    0x08004170   0x08004170   0x00000060   Code   RO         4650    i.prvIdleTask       tasks.o
    0x080041d0   0x080041d0   0x00000022   Code   RO         4247    i.prvInitialiseNewQueue  queue.o
    0x080041f2   0x080041f2   0x00000002   PAD
    0x080041f4   0x080041f4   0x000000b0   Code   RO         4651    i.prvInitialiseNewTask  tasks.o
    0x080042a4   0x080042a4   0x0000004c   Code   RO         5697    i.prvInsertBlockIntoFreeList  heap_4.o
    0x080042f0   0x080042f0   0x00000038   Code   RO         5014    i.prvInsertTimerInActiveList  timers.o
    0x08004328   0x08004328   0x0000001c   Code   RO         4248    i.prvIsQueueEmpty   queue.o
    0x08004344   0x08004344   0x000000fc   Code   RO         5015    i.prvProcessReceivedCommands  timers.o
    0x08004440   0x08004440   0x000000c0   Code   RO         5016    i.prvProcessTimerOrBlockTask  timers.o
    0x08004500   0x08004500   0x00000020   Code   RO         4653    i.prvResetNextTaskUnblockTime  tasks.o
    0x08004520   0x08004520   0x00000028   Code   RO         5017    i.prvSampleTimeNow  timers.o
    0x08004548   0x08004548   0x0000006c   Code   RO         5018    i.prvSwitchTimerLists  timers.o
    0x080045b4   0x080045b4   0x00000028   Code   RO         5752    i.prvTaskExitError  port.o
    0x080045dc   0x080045dc   0x00000024   Code   RO         5019    i.prvTimerTask      timers.o
    0x08004600   0x08004600   0x0000006a   Code   RO         4249    i.prvUnlockQueue    queue.o
    0x0800466a   0x0800466a   0x00000002   PAD
    0x0800466c   0x0800466c   0x000000dc   Code   RO         5698    i.pvPortMalloc      heap_4.o
    0x08004748   0x08004748   0x0000002c   Code   RO         5753    i.pxPortInitialiseStack  port.o
    0x08004774   0x08004774   0x0000000c   Code   RO         5835    i.readPixels        draw.o
    0x08004780   0x08004780   0x00000018   Code   RO         5836    i.setBuffByte       draw.o
    0x08004798   0x08004798   0x00000016   Code   RO         5837    i.set_bits          draw.o
    0x080047ae   0x080047ae   0x0000006e   Code   RO         6262    i.sqrt              m_wm.l(sqrt.o)
    0x0800481c   0x0800481c   0x00000026   Code   RO         4204    i.uxListRemove      list.o
    0x08004842   0x08004842   0x00000002   PAD
    0x08004844   0x08004844   0x00000014   Code   RO         5256    i.vApplicationGetIdleTaskMemory  cmsis_os2.o
    0x08004858   0x08004858   0x00000018   Code   RO         5257    i.vApplicationGetTimerTaskMemory  cmsis_os2.o
    0x08004870   0x08004870   0x00000016   Code   RO         4205    i.vListInitialise   list.o
    0x08004886   0x08004886   0x00000006   Code   RO         4206    i.vListInitialiseItem  list.o
    0x0800488c   0x0800488c   0x00000030   Code   RO         4207    i.vListInsert       list.o
    0x080048bc   0x080048bc   0x00000018   Code   RO         4208    i.vListInsertEnd    list.o
    0x080048d4   0x080048d4   0x00000040   Code   RO         5755    i.vPortEnterCritical  port.o
    0x08004914   0x08004914   0x00000028   Code   RO         5756    i.vPortExitCritical  port.o
    0x0800493c   0x0800493c   0x00000064   Code   RO         5699    i.vPortFree         heap_4.o
    0x080049a0   0x080049a0   0x00000024   Code   RO         5757    i.vPortSetupTimerInterrupt  port.o
    0x080049c4   0x080049c4   0x00000054   Code   RO         5758    i.vPortValidateInterruptPriority  port.o
    0x08004a18   0x08004a18   0x00000028   Code   RO         4255    i.vQueueAddToRegistry  queue.o
    0x08004a40   0x08004a40   0x00000044   Code   RO         4259    i.vQueueWaitForMessageRestricted  queue.o
    0x08004a84   0x08004a84   0x0000004c   Code   RO         4666    i.vTaskDelay        tasks.o
    0x08004ad0   0x08004ad0   0x00000010   Code   RO         4671    i.vTaskInternalSetTimeOutState  tasks.o
    0x08004ae0   0x08004ae0   0x0000000c   Code   RO         4672    i.vTaskMissedYield  tasks.o
    0x08004aec   0x08004aec   0x00000030   Code   RO         4674    i.vTaskPlaceOnEventList  tasks.o
    0x08004b1c   0x08004b1c   0x00000038   Code   RO         4675    i.vTaskPlaceOnEventListRestricted  tasks.o
    0x08004b54   0x08004b54   0x00000088   Code   RO         4683    i.vTaskStartScheduler  tasks.o
    0x08004bdc   0x08004bdc   0x00000010   Code   RO         4685    i.vTaskSuspendAll   tasks.o
    0x08004bec   0x08004bec   0x00000064   Code   RO         4686    i.vTaskSwitchContext  tasks.o
    0x08004c50   0x08004c50   0x000000f4   Code   RO         5759    i.xPortStartScheduler  port.o
    0x08004d44   0x08004d44   0x0000002c   Code   RO         5760    i.xPortSysTickHandler  port.o
    0x08004d70   0x08004d70   0x00000042   Code   RO         4264    i.xQueueGenericCreate  queue.o
    0x08004db2   0x08004db2   0x00000066   Code   RO         4265    i.xQueueGenericCreateStatic  queue.o
    0x08004e18   0x08004e18   0x00000088   Code   RO         4266    i.xQueueGenericReset  queue.o
    0x08004ea0   0x08004ea0   0x00000160   Code   RO         4267    i.xQueueGenericSend  queue.o
    0x08005000   0x08005000   0x000000be   Code   RO         4268    i.xQueueGenericSendFromISR  queue.o
    0x080050be   0x080050be   0x00000002   PAD
    0x080050c0   0x080050c0   0x00000138   Code   RO         4277    i.xQueueReceive     queue.o
    0x080051f8   0x080051f8   0x00000074   Code   RO         4688    i.xTaskCheckForTimeOut  tasks.o
    0x0800526c   0x0800526c   0x0000005a   Code   RO         4689    i.xTaskCreate       tasks.o
    0x080052c6   0x080052c6   0x00000056   Code   RO         4690    i.xTaskCreateStatic  tasks.o
    0x0800531c   0x0800531c   0x0000001c   Code   RO         4694    i.xTaskGetSchedulerState  tasks.o
    0x08005338   0x08005338   0x0000000c   Code   RO         4695    i.xTaskGetTickCount  tasks.o
    0x08005344   0x08005344   0x000000c8   Code   RO         4697    i.xTaskIncrementTick  tasks.o
    0x0800540c   0x0800540c   0x00000080   Code   RO         4700    i.xTaskPriorityDisinherit  tasks.o
    0x0800548c   0x0800548c   0x00000070   Code   RO         4702    i.xTaskRemoveFromEventList  tasks.o
    0x080054fc   0x080054fc   0x000000c4   Code   RO         4703    i.xTaskResumeAll    tasks.o
    0x080055c0   0x080055c0   0x00000060   Code   RO         5028    i.xTimerCreateTimerTask  timers.o
    0x08005620   0x08005620   0x00000068   Code   RO         5029    i.xTimerGenericCommand  timers.o
    0x08005688   0x08005688   0x00000150   Code   RO         6229    x$fpl$dadd          fz_wm.l(daddsub_clz.o)
    0x080057d8   0x080057d8   0x000002b0   Code   RO         6236    x$fpl$ddiv          fz_wm.l(ddiv.o)
    0x08005a88   0x08005a88   0x0000005e   Code   RO         6117    x$fpl$dfix          fz_wm.l(dfix.o)
    0x08005ae6   0x08005ae6   0x0000002e   Code   RO         6122    x$fpl$dflt          fz_wm.l(dflt_clz.o)
    0x08005b14   0x08005b14   0x00000154   Code   RO         6127    x$fpl$dmul          fz_wm.l(dmul.o)
    0x08005c68   0x08005c68   0x0000009c   Code   RO         6239    x$fpl$dnaninf       fz_wm.l(dnaninf.o)
    0x08005d04   0x08005d04   0x0000000c   Code   RO         6241    x$fpl$dretinf       fz_wm.l(dretinf.o)
    0x08005d10   0x08005d10   0x00000016   Code   RO         6230    x$fpl$drsb          fz_wm.l(daddsub_clz.o)
    0x08005d26   0x08005d26   0x00000002   PAD
    0x08005d28   0x08005d28   0x00000198   Code   RO         6318    x$fpl$dsqrt         fz_wm.l(dsqrt_umaal.o)
    0x08005ec0   0x08005ec0   0x000001d4   Code   RO         6231    x$fpl$dsub          fz_wm.l(daddsub_clz.o)
    0x08006094   0x08006094   0x0000000a   Code   RO         6320    x$fpl$fpinit        fz_wm.l(fpinit.o)
    0x0800609e   0x0800609e   0x00000000   Code   RO         6243    x$fpl$usenofp       fz_wm.l(usenofp.o)
    0x0800609e   0x0800609e   0x00000002   PAD
    0x080060a0   0x080060a0   0x00000024   Data   RO          238    .constdata          app_freertos.o
    0x080060c4   0x080060c4   0x00000010   Data   RO         3732    .constdata          system_stm32g4xx.o
    0x080060d4   0x080060d4   0x00000008   Data   RO         3733    .constdata          system_stm32g4xx.o
    0x080060dc   0x080060dc   0x00000800   Data   RO         3893    .constdata          driver_oled.o
    0x080068dc   0x080068dc   0x0000001d   Data   RO         5913    .constdata          game1.o
    0x080068f9   0x080068f9   0x00000007   Data   RO         5953    .constdata          resources.o
    0x08006900   0x08006900   0x000001e5   Data   RO         5975    .constdata          resources.o
    0x08006ae5   0x08006ae5   0x00000003   PAD
    0x08006ae8   0x08006ae8   0x00000050   Data   RO         6132    .constdata          m_wm.l(acos.o)
    0x08006b38   0x08006b38   0x0000000c   Data   RO          239    .conststring        app_freertos.o
    0x08006b44   0x08006b44   0x00000020   Data   RO         6409    Region$$Table       anon$$obj.o


    Execution Region RW_IRAM1 (Exec base: 0x20000000, Load base: 0x08006b64, Size: 0x00003250, Max: 0x00008000, ABSOLUTE)

    Exec Addr    Load Addr    Size         Type   Attr      Idx    E Section Name        Object

    0x20000000   0x08006b64   0x0000000c   Data   RW          241    .data               app_freertos.o
    0x2000000c   0x08006b70   0x0000000c   Data   RW          592    .data               stm32g4xx_hal.o
    0x20000018   0x08006b7c   0x00000004   Data   RW         3734    .data               system_stm32g4xx.o
    0x2000001c   0x08006b80   0x00000008   Data   RW         3894    .data               driver_oled.o
    0x20000024   0x08006b88   0x0000000c   Data   RW         4003    .data               driver_mpu6050.o
    0x20000030   0x08006b94   0x0000003c   Data   RW         4706    .data               tasks.o
    0x2000006c   0x08006bd0   0x00000014   Data   RW         5037    .data               timers.o
    0x20000080   0x08006be4   0x00000004   Data   RW         5259    .data               cmsis_os2.o
    0x20000084   0x08006be8   0x00000020   Data   RW         5705    .data               heap_4.o
    0x200000a4   0x08006c08   0x0000000c   Data   RW         5761    .data               port.o
    0x200000b0   0x08006c14   0x00000014   Data   RW         5838    .data               draw.o
    0x200000c4   0x08006c28   0x00000020   Data   RW         5914    .data               game1.o
    0x200000e4        -       0x000000a8   Zero   RW          341    .bss                i2c.o
    0x2000018c        -       0x0000004c   Zero   RW          388    .bss                tim.o
    0x200001d8        -       0x0000004c   Zero   RW          518    .bss                stm32g4xx_hal_timebase_tim.o
    0x20000224        -       0x00000400   Zero   RW         3892    .bss                driver_oled.o
    0x20000624        -       0x00000040   Zero   RW         4281    .bss                queue.o
    0x20000664        -       0x000004c4   Zero   RW         4705    .bss                tasks.o
    0x20000b28        -       0x00000118   Zero   RW         5036    .bss                timers.o
    0x20000c40        -       0x000006b8   Zero   RW         5258    .bss                cmsis_os2.o
    0x200012f8        -       0x00001800   Zero   RW         5704    .bss                heap_4.o
    0x20002af8        -       0x00000010   Zero   RW         5912    .bss                game1.o
    0x20002b08        -       0x000000e4   Zero   RW         6096    .bss                c_w.l(rand.o)
    0x20002bec        -       0x00000060   Zero   RW         6275    .bss                c_w.l(libspace.o)
    0x20002c4c   0x08006c48   0x00000004   PAD
    0x20002c50        -       0x00000200   Zero   RW            2    HEAP                startup_stm32g431xx.o
    0x20002e50        -       0x00000400   Zero   RW            1    STACK               startup_stm32g431xx.o


==============================================================================

Image component sizes


      Code (inc. data)   RO Data    RW Data    ZI Data      Debug   Object Name

       284         70         48         12          0       3021   app_freertos.o
       326         22          0          4       1720      66207   cmsis_os2.o
       808         28          0         20          0       9350   draw.o
        24          0          0          0          0       3292   driver_lcd.o
       478         26          0         12          0       8105   driver_mpu6050.o
       664         46       2048          8       1024       9867   driver_oled.o
         0          0          0          0          0      19744   event_groups.o
      1528        122         29         32         16       4927   game1.o
       208         12          0          0          0        995   gpio.o
       472         24          0         32       6144       5171   heap_4.o
       384         40          0          0        168       2410   i2c.o
       138          0          0          0          0       3810   list.o
       166          6          0          0          0     642332   main.o
       786         82          0         12          0      11945   port.o
      1580         20          0          0         64      19226   queue.o
         0          0        492          0          0       2397   resources.o
        64         26        472          0       1536        832   startup_stm32g431xx.o
        58         10          0         12          0       3158   stm32g4xx_hal.o
       158         14          0          0          0      33354   stm32g4xx_hal_cortex.o
       604         34          0          0          0       3179   stm32g4xx_hal_gpio.o
      2068         46          0          0          0      14148   stm32g4xx_hal_i2c.o
       168          0          0          0          0       2051   stm32g4xx_hal_i2c_ex.o
        60          6          0          0          0        846   stm32g4xx_hal_msp.o
       204         18          0          0          0       1469   stm32g4xx_hal_pwr_ex.o
      1712         86          0          0          0       6574   stm32g4xx_hal_rcc.o
       648         10          0          0          0       1984   stm32g4xx_hal_rcc_ex.o
      1198         76          0          0          0      11037   stm32g4xx_hal_tim.o
       170         24          0          0          0       5772   stm32g4xx_hal_tim_ex.o
       136         20          0          0         76       1423   stm32g4xx_hal_timebase_tim.o
        24          6          0          0          0       3155   stm32g4xx_it.o
         0          0          0          0          0        448   stream_buffer.o
        16          4         24          4          0       1131   system_stm32g4xx.o
      2084        168          0         60       1220      28292   tasks.o
       148         18          0          0         76       1618   tim.o
       972         80          0         20        280      30419   timers.o

    ----------------------------------------------------------------------
     18374       1144       3148        228      12324     963689   Object Totals
         0          0         32          0          0          0   (incl. Generated)
        36          0          3          0          0          0   (incl. Padding)

    ----------------------------------------------------------------------

      Code (inc. data)   RO Data    RW Data    ZI Data      Debug   Library Member Name

         8          0          0          0          0         68   __main.o
       104          0          0          0          0         84   __printf.o
         0          0          0          0          0          0   __rtentry.o
        12          0          0          0          0          0   __rtentry2.o
         6          0          0          0          0          0   __rtentry4.o
        52          8          0          0          0          0   __scatter.o
        26          0          0          0          0          0   __scatter_copy.o
        28          0          0          0          0          0   __scatter_zi.o
        48          6          0          0          0         96   _printf_char_common.o
       120         16          0          0          0         92   _printf_dec.o
       178          0          0          0          0         88   _printf_intcommon.o
         0          0          0          0          0          0   _printf_percent.o
         4          0          0          0          0          0   _printf_percent_end.o
         6          0          0          0          0          0   _printf_u.o
        22          0          0          0          0        100   _rserrno.o
        10          0          0          0          0         68   _sputc.o
        16          0          0          0          0         68   aeabi_memset.o
        10          0          0          0          0         68   defsig_exit.o
        50          0          0          0          0         88   defsig_general.o
        80         58          0          0          0         76   defsig_rtmem_inner.o
        14          0          0          0          0         80   defsig_rtmem_outer.o
        18          0          0          0          0         80   exit.o
        94          0          0          0          0         80   h1_alloc.o
        52          0          0          0          0         68   h1_extend.o
        78          0          0          0          0         80   h1_free.o
        14          0          0          0          0         84   h1_init.o
         6          0          0          0          0        152   heapauxi.o
         4          0          0          0          0        136   hguard.o
         0          0          0          0          0          0   indicate_semi.o
       138          0          0          0          0        168   init_alloc.o
         2          0          0          0          0          0   libinit.o
        18          0          0          0          0          0   libinit2.o
         2          0          0          0          0          0   libshutdown.o
         2          0          0          0          0          0   libshutdown2.o
         8          4          0          0         96         68   libspace.o
         0          0          0          0          0          0   maybetermalloc1.o
        40          6          0          0          0         84   noretval__2sprintf.o
       112         18          0          0        228        160   rand.o
         8          4          0          0          0         68   rt_errno_addr_intlibspace.o
         8          4          0          0          0         68   rt_heap_descriptor_intlibspace.o
        68          0          0          0          0         68   rt_memclr.o
        78          0          0          0          0         80   rt_memclr_w.o
       138          0          0          0          0         68   rt_memcpy_v6.o
       100          0          0          0          0         80   rt_memcpy_w.o
         2          0          0          0          0          0   rtexit.o
        10          0          0          0          0          0   rtexit2.o
        72          0          0          0          0         80   strcpy.o
        62          0          0          0          0         76   strlen.o
        12          4          0          0          0         68   sys_exit.o
        74          0          0          0          0         80   sys_stackheap_outer.o
        14          0          0          0          0         76   sys_wrch.o
         2          0          0          0          0         68   use_no_semi.o
       826         16          0          0          0        492   daddsub_clz.o
       688        140          0          0          0        256   ddiv.o
        94          4          0          0          0        140   dfix.o
        46          0          0          0          0        116   dflt_clz.o
       340         12          0          0          0        152   dmul.o
       156          4          0          0          0        140   dnaninf.o
        12          0          0          0          0        116   dretinf.o
       408         56          0          0          0        168   dsqrt_umaal.o
        10          0          0          0          0        116   fpinit.o
         0          0          0          0          0          0   usenofp.o
       856        118         80          0          0        288   acos.o
        52          8          0          0          0        248   dunder.o
       248          0          0          0          0        152   poly.o
       110          0          0          0          0        148   sqrt.o

    ----------------------------------------------------------------------
      5890        486         80          0        328       5548   Library Totals
        14          0          0          0          4          0   (incl. Padding)

    ----------------------------------------------------------------------

      Code (inc. data)   RO Data    RW Data    ZI Data      Debug   Library Name

      2030        128          0          0        324       3016   c_w.l
      2580        232          0          0          0       1696   fz_wm.l
      1266        126         80          0          0        836   m_wm.l

    ----------------------------------------------------------------------
      5890        486         80          0        328       5548   Library Totals

    ----------------------------------------------------------------------

==============================================================================


      Code (inc. data)   RO Data    RW Data    ZI Data      Debug   

     24264       1630       3228        228      12652     948921   Grand Totals
     24264       1630       3228        228      12652     948921   ELF Image Totals
     24264       1630       3228        228          0          0   ROM Totals

==============================================================================

    Total RO  Size (Code + RO Data)                27492 (  26.85kB)
    Total RW  Size (RW Data + ZI Data)             12880 (  12.58kB)
    Total ROM Size (Code + RO Data + RW Data)      27720 (  27.07kB)

==============================================================================

